Archive member included to satisfy reference by file (symbol)

/Applications/SystemWorkbench.app/Contents/Eclipse/plugins/fr.ac6.mcu.externaltools.arm-none.macos64_1.13.1.201703061524/tools/compiler/bin/../lib/gcc/arm-none-eabi/5.4.1/armv6-m/libgcc.a(_thumb1_case_uqi.o)
                              Drivers/STM32F0xx_HAL_Driver/Src/stm32f0xx_hal_pcd.o (__gnu_thumb1_case_uqi)
/Applications/SystemWorkbench.app/Contents/Eclipse/plugins/fr.ac6.mcu.externaltools.arm-none.macos64_1.13.1.201703061524/tools/compiler/bin/../lib/gcc/arm-none-eabi/5.4.1/armv6-m/libgcc.a(_thumb1_case_uhi.o)
                              Middlewares/ST/STM32_USB_Device_Library/Core/Src/usbd_ctlreq.o (__gnu_thumb1_case_uhi)
/Applications/SystemWorkbench.app/Contents/Eclipse/plugins/fr.ac6.mcu.externaltools.arm-none.macos64_1.13.1.201703061524/tools/compiler/bin/../lib/gcc/arm-none-eabi/5.4.1/armv6-m/libgcc.a(_udivsi3.o)
                              Drivers/CMSIS/Device/ST/STM32F0xx/Source/Templates/system_stm32f0xx.o (__aeabi_uidiv)
/Applications/SystemWorkbench.app/Contents/Eclipse/plugins/fr.ac6.mcu.externaltools.arm-none.macos64_1.13.1.201703061524/tools/compiler/bin/../lib/gcc/arm-none-eabi/5.4.1/armv6-m/libgcc.a(_divsi3.o)
                              Src/main.o (__aeabi_idiv)
/Applications/SystemWorkbench.app/Contents/Eclipse/plugins/fr.ac6.mcu.externaltools.arm-none.macos64_1.13.1.201703061524/tools/compiler/bin/../lib/gcc/arm-none-eabi/5.4.1/armv6-m/libgcc.a(_dvmd_tls.o)
                              /Applications/SystemWorkbench.app/Contents/Eclipse/plugins/fr.ac6.mcu.externaltools.arm-none.macos64_1.13.1.201703061524/tools/compiler/bin/../lib/gcc/arm-none-eabi/5.4.1/armv6-m/libgcc.a(_udivsi3.o) (__aeabi_idiv0)
/Applications/SystemWorkbench.app/Contents/Eclipse/plugins/fr.ac6.mcu.externaltools.arm-none.macos64_1.13.1.201703061524/tools/compiler/bin/../lib/gcc/arm-none-eabi/5.4.1/armv6-m/libgcc.a(_lshrdi3.o)
                              Drivers/STM32F0xx_HAL_Driver/Src/stm32f0xx_hal_flash.o (__aeabi_llsr)
/Applications/SystemWorkbench.app/Contents/Eclipse/plugins/fr.ac6.mcu.externaltools.arm-none.macos64_1.13.1.201703061524/tools/compiler/bin/../lib/gcc/arm-none-eabi/5.4.1/../../../../arm-none-eabi/lib/armv6-m/libc_nano.a(lib_a-exit.o)
                              /Applications/SystemWorkbench.app/Contents/Eclipse/plugins/fr.ac6.mcu.externaltools.arm-none.macos64_1.13.1.201703061524/tools/compiler/bin/../lib/gcc/arm-none-eabi/5.4.1/../../../../arm-none-eabi/lib/armv6-m/crt0.o (exit)
/Applications/SystemWorkbench.app/Contents/Eclipse/plugins/fr.ac6.mcu.externaltools.arm-none.macos64_1.13.1.201703061524/tools/compiler/bin/../lib/gcc/arm-none-eabi/5.4.1/../../../../arm-none-eabi/lib/armv6-m/libc_nano.a(lib_a-impure.o)
                              /Applications/SystemWorkbench.app/Contents/Eclipse/plugins/fr.ac6.mcu.externaltools.arm-none.macos64_1.13.1.201703061524/tools/compiler/bin/../lib/gcc/arm-none-eabi/5.4.1/../../../../arm-none-eabi/lib/armv6-m/libc_nano.a(lib_a-exit.o) (_global_impure_ptr)
/Applications/SystemWorkbench.app/Contents/Eclipse/plugins/fr.ac6.mcu.externaltools.arm-none.macos64_1.13.1.201703061524/tools/compiler/bin/../lib/gcc/arm-none-eabi/5.4.1/../../../../arm-none-eabi/lib/armv6-m/libc_nano.a(lib_a-init.o)
                              /Applications/SystemWorkbench.app/Contents/Eclipse/plugins/fr.ac6.mcu.externaltools.arm-none.macos64_1.13.1.201703061524/tools/compiler/bin/../lib/gcc/arm-none-eabi/5.4.1/../../../../arm-none-eabi/lib/armv6-m/crt0.o (__libc_init_array)
/Applications/SystemWorkbench.app/Contents/Eclipse/plugins/fr.ac6.mcu.externaltools.arm-none.macos64_1.13.1.201703061524/tools/compiler/bin/../lib/gcc/arm-none-eabi/5.4.1/../../../../arm-none-eabi/lib/armv6-m/libc_nano.a(lib_a-memcpy-stub.o)
                              Drivers/STM32F0xx_HAL_Driver/Src/stm32f0xx_hal_rcc.o (memcpy)
/Applications/SystemWorkbench.app/Contents/Eclipse/plugins/fr.ac6.mcu.externaltools.arm-none.macos64_1.13.1.201703061524/tools/compiler/bin/../lib/gcc/arm-none-eabi/5.4.1/../../../../arm-none-eabi/lib/armv6-m/libc_nano.a(lib_a-memset.o)
                              /Applications/SystemWorkbench.app/Contents/Eclipse/plugins/fr.ac6.mcu.externaltools.arm-none.macos64_1.13.1.201703061524/tools/compiler/bin/../lib/gcc/arm-none-eabi/5.4.1/../../../../arm-none-eabi/lib/armv6-m/crt0.o (memset)
/Applications/SystemWorkbench.app/Contents/Eclipse/plugins/fr.ac6.mcu.externaltools.arm-none.macos64_1.13.1.201703061524/tools/compiler/bin/../lib/gcc/arm-none-eabi/5.4.1/../../../../arm-none-eabi/lib/armv6-m/libnosys.a(_exit.o)
                              /Applications/SystemWorkbench.app/Contents/Eclipse/plugins/fr.ac6.mcu.externaltools.arm-none.macos64_1.13.1.201703061524/tools/compiler/bin/../lib/gcc/arm-none-eabi/5.4.1/../../../../arm-none-eabi/lib/armv6-m/libc_nano.a(lib_a-exit.o) (_exit)

Allocating common symbols
Common symbol       size              file

hUsbDeviceFS        0x224             Src/usb_device.o
[...]
Memory Configuration

Name             Origin             Length             Attributes
FLASH            0x0000000008000000 0x0000000000008000 xr
RAM              0x0000000020000000 0x0000000000001800 xrw
*default*        0x0000000000000000 0xffffffffffffffff

Linker script and memory map

LOAD /Applications/SystemWorkbench.app/Contents/Eclipse/plugins/fr.ac6.mcu.externaltools.arm-none.macos64_1.13.1.201703061524/tools/compiler/bin/../lib/gcc/arm-none-eabi/5.4.1/armv6-m/crti.o
LOAD /Applications/SystemWorkbench.app/Contents/Eclipse/plugins/fr.ac6.mcu.externaltools.arm-none.macos64_1.13.1.201703061524/tools/compiler/bin/../lib/gcc/arm-none-eabi/5.4.1/armv6-m/crtbegin.o
LOAD /Applications/SystemWorkbench.app/Contents/Eclipse/plugins/fr.ac6.mcu.externaltools.arm-none.macos64_1.13.1.201703061524/tools/compiler/bin/../lib/gcc/arm-none-eabi/5.4.1/../../../../arm-none-eabi/lib/armv6-m/crt0.o
LOAD /Applications/SystemWorkbench.app/Contents/Eclipse/plugins/fr.ac6.mcu.externaltools.arm-none.macos64_1.13.1.201703061524/tools/compiler/bin/../lib/gcc/arm-none-eabi/5.4.1/../../../../arm-none-eabi/lib/armv6-m/libm.a
LOAD Drivers/CMSIS/Device/ST/STM32F0xx/Source/Templates/gcc/startup_stm32f042x6.o
LOAD Drivers/CMSIS/Device/ST/STM32F0xx/Source/Templates/system_stm32f0xx.o
LOAD Drivers/STM32F0xx_HAL_Driver/Src/stm32f0xx_hal.o
LOAD Drivers/STM32F0xx_HAL_Driver/Src/stm32f0xx_hal_adc.o
LOAD Drivers/STM32F0xx_HAL_Driver/Src/stm32f0xx_hal_adc_ex.o
LOAD Drivers/STM32F0xx_HAL_Driver/Src/stm32f0xx_hal_cortex.o
LOAD Drivers/STM32F0xx_HAL_Driver/Src/stm32f0xx_hal_dma.o
LOAD Drivers/STM32F0xx_HAL_Driver/Src/stm32f0xx_hal_flash.o
LOAD Drivers/STM32F0xx_HAL_Driver/Src/stm32f0xx_hal_flash_ex.o
LOAD Drivers/STM32F0xx_HAL_Driver/Src/stm32f0xx_hal_gpio.o
LOAD Drivers/STM32F0xx_HAL_Driver/Src/stm32f0xx_hal_i2c.o
LOAD Drivers/STM32F0xx_HAL_Driver/Src/stm32f0xx_hal_i2c_ex.o
LOAD Drivers/STM32F0xx_HAL_Driver/Src/stm32f0xx_hal_pcd.o
LOAD Drivers/STM32F0xx_HAL_Driver/Src/stm32f0xx_hal_pcd_ex.o
LOAD Drivers/STM32F0xx_HAL_Driver/Src/stm32f0xx_hal_pwr.o
LOAD Drivers/STM32F0xx_HAL_Driver/Src/stm32f0xx_hal_pwr_ex.o
LOAD Drivers/STM32F0xx_HAL_Driver/Src/stm32f0xx_hal_rcc.o
LOAD Drivers/STM32F0xx_HAL_Driver/Src/stm32f0xx_hal_rcc_ex.o
LOAD Drivers/STM32F0xx_HAL_Driver/Src/stm32f0xx_hal_tim.o
LOAD Drivers/STM32F0xx_HAL_Driver/Src/stm32f0xx_hal_tim_ex.o
LOAD Drivers/STM32F0xx_HAL_Driver/Src/stm32f0xx_hal_tsc.o
LOAD Middlewares/ST/STM32_USB_Device_Library/Core/Src/usbd_core.o
LOAD Middlewares/ST/STM32_USB_Device_Library/Core/Src/usbd_ctlreq.o
LOAD Middlewares/ST/STM32_USB_Device_Library/Core/Src/usbd_ioreq.o
LOAD Middlewares/USBMIDI/Src/usbd_midi.o
LOAD Src/eeprom.o
LOAD Src/main.o
LOAD Src/queue32.o
LOAD Src/stm32f0xx_it.o
LOAD Src/usb_device.o
LOAD Src/usbd_conf.o
LOAD Src/usbd_desc.o
LOAD Src/usbd_midi_if.o
START GROUP
LOAD /Applications/SystemWorkbench.app/Contents/Eclipse/plugins/fr.ac6.mcu.externaltools.arm-none.macos64_1.13.1.201703061524/tools/compiler/bin/../lib/gcc/arm-none-eabi/5.4.1/armv6-m/libgcc.a
LOAD /Applications/SystemWorkbench.app/Contents/Eclipse/plugins/fr.ac6.mcu.externaltools.arm-none.macos64_1.13.1.201703061524/tools/compiler/bin/../lib/gcc/arm-none-eabi/5.4.1/../../../../arm-none-eabi/lib/armv6-m/libc_nano.a
END GROUP
START GROUP
LOAD /Applications/SystemWorkbench.app/Contents/Eclipse/plugins/fr.ac6.mcu.externaltools.arm-none.macos64_1.13.1.201703061524/tools/compiler/bin/../lib/gcc/arm-none-eabi/5.4.1/armv6-m/libgcc.a
LOAD /Applications/SystemWorkbench.app/Contents/Eclipse/plugins/fr.ac6.mcu.externaltools.arm-none.macos64_1.13.1.201703061524/tools/compiler/bin/../lib/gcc/arm-none-eabi/5.4.1/../../../../arm-none-eabi/lib/armv6-m/libc_nano.a
LOAD /Applications/SystemWorkbench.app/Contents/Eclipse/plugins/fr.ac6.mcu.externaltools.arm-none.macos64_1.13.1.201703061524/tools/compiler/bin/../lib/gcc/arm-none-eabi/5.4.1/../../../../arm-none-eabi/lib/armv6-m/libnosys.a
END GROUP
START GROUP
LOAD /Applications/SystemWorkbench.app/Contents/Eclipse/plugins/fr.ac6.mcu.externaltools.arm-none.macos64_1.13.1.201703061524/tools/compiler/bin/../lib/gcc/arm-none-eabi/5.4.1/armv6-m/libgcc.a
LOAD /Applications/SystemWorkbench.app/Contents/Eclipse/plugins/fr.ac6.mcu.externaltools.arm-none.macos64_1.13.1.201703061524/tools/compiler/bin/../lib/gcc/arm-none-eabi/5.4.1/../../../../arm-none-eabi/lib/armv6-m/libc_nano.a
LOAD /Applications/SystemWorkbench.app/Contents/Eclipse/plugins/fr.ac6.mcu.externaltools.arm-none.macos64_1.13.1.201703061524/tools/compiler/bin/../lib/gcc/arm-none-eabi/5.4.1/../../../../arm-none-eabi/lib/armv6-m/libnosys.a
END GROUP
LOAD /Applications/SystemWorkbench.app/Contents/Eclipse/plugins/fr.ac6.mcu.externaltools.arm-none.macos64_1.13.1.201703061524/tools/compiler/bin/../lib/gcc/arm-none-eabi/5.4.1/armv6-m/crtend.o
LOAD /Applications/SystemWorkbench.app/Contents/Eclipse/plugins/fr.ac6.mcu.externaltools.arm-none.macos64_1.13.1.201703061524/tools/compiler/bin/../lib/gcc/arm-none-eabi/5.4.1/armv6-m/crtn.o
                0x0000000020001800                _estack = 0x20001800
                0x0000000000000200                _Min_Heap_Size = 0x200
                0x0000000000000400                _Min_Stack_Size = 0x400

.isr_vector     0x0000000008000000       0xc0
                0x0000000008000000                . = ALIGN (0x4)
 *(.isr_vector)
 .isr_vector    0x0000000008000000       0xc0 Drivers/CMSIS/Device/ST/STM32F0xx/Source/Templates/gcc/startup_stm32f042x6.o
                0x0000000008000000                g_pfnVectors
                0x00000000080000c0                . = ALIGN (0x4)

.text           0x00000000080000c0     0x3668
                0x00000000080000c0                . = ALIGN (0x4)
 *(.text)
 .text          0x00000000080000c0       0x60 /Applications/SystemWorkbench.app/Contents/Eclipse/plugins/fr.ac6.mcu.externaltools.arm-none.macos64_1.13.1.201703061524/tools/compiler/bin/../lib/gcc/arm-none-eabi/5.4.1/armv6-m/crtbegin.o
 .text          0x0000000008000120       0x14 /Applications/SystemWorkbench.app/Contents/Eclipse/plugins/fr.ac6.mcu.externaltools.arm-none.macos64_1.13.1.201703061524/tools/compiler/bin/../lib/gcc/arm-none-eabi/5.4.1/armv6-m/libgcc.a(_thumb1_case_uqi.o)
                0x0000000008000120                __gnu_thumb1_case_uqi
 .text          0x0000000008000134       0x14 /Applications/SystemWorkbench.app/Contents/Eclipse/plugins/fr.ac6.mcu.externaltools.arm-none.macos64_1.13.1.201703061524/tools/compiler/bin/../lib/gcc/arm-none-eabi/5.4.1/armv6-m/libgcc.a(_thumb1_case_uhi.o)
                0x0000000008000134                __gnu_thumb1_case_uhi
 .text          0x0000000008000148      0x114 /Applications/SystemWorkbench.app/Contents/Eclipse/plugins/fr.ac6.mcu.externaltools.arm-none.macos64_1.13.1.201703061524/tools/compiler/bin/../lib/gcc/arm-none-eabi/5.4.1/armv6-m/libgcc.a(_udivsi3.o)
                0x0000000008000148                __udivsi3
                0x0000000008000148                __aeabi_uidiv
                0x0000000008000254                __aeabi_uidivmod
 .text          0x000000000800025c      0x1d4 /Applications/SystemWorkbench.app/Contents/Eclipse/plugins/fr.ac6.mcu.externaltools.arm-none.macos64_1.13.1.201703061524/tools/compiler/bin/../lib/gcc/arm-none-eabi/5.4.1/armv6-m/libgcc.a(_divsi3.o)
                0x000000000800025c                __aeabi_idiv
                0x000000000800025c                __divsi3
                0x0000000008000428                __aeabi_idivmod
 .text          0x0000000008000430        0x4 /Applications/SystemWorkbench.app/Contents/Eclipse/plugins/fr.ac6.mcu.externaltools.arm-none.macos64_1.13.1.201703061524/tools/compiler/bin/../lib/gcc/arm-none-eabi/5.4.1/armv6-m/libgcc.a(_dvmd_tls.o)
                0x0000000008000430                __aeabi_ldiv0
                0x0000000008000430                __aeabi_idiv0
 .text          0x0000000008000434       0x18 /Applications/SystemWorkbench.app/Contents/Eclipse/plugins/fr.ac6.mcu.externaltools.arm-none.macos64_1.13.1.201703061524/tools/compiler/bin/../lib/gcc/arm-none-eabi/5.4.1/armv6-m/libgcc.a(_lshrdi3.o)
                0x0000000008000434                __aeabi_llsr
                0x0000000008000434                __lshrdi3
 *(.text*)
 .text.Reset_Handler
                0x000000000800044c       0x70 Drivers/CMSIS/Device/ST/STM32F0xx/Source/Templates/gcc/startup_stm32f042x6.o
                0x000000000800044c                Reset_Handler
 .text.Default_Handler
                0x00000000080004bc        0x2 Drivers/CMSIS/Device/ST/STM32F0xx/Source/Templates/gcc/startup_stm32f042x6.o
                0x00000000080004bc                TIM1_BRK_UP_TRG_COM_IRQHandler
                0x00000000080004bc                TSC_IRQHandler
                0x00000000080004bc                I2C1_IRQHandler
                0x00000000080004bc                RCC_CRS_IRQHandler
                0x00000000080004bc                SPI1_IRQHandler
                0x00000000080004bc                EXTI2_3_IRQHandler
                0x00000000080004bc                ADC1_IRQHandler
                0x00000000080004bc                TIM17_IRQHandler
                0x00000000080004bc                CEC_CAN_IRQHandler
                0x00000000080004bc                RTC_IRQHandler
                0x00000000080004bc                PVD_VDDIO2_IRQHandler
                0x00000000080004bc                TIM16_IRQHandler
                0x00000000080004bc                TIM3_IRQHandler
                0x00000000080004bc                EXTI4_15_IRQHandler
                0x00000000080004bc                DMA1_Channel1_IRQHandler
                0x00000000080004bc                Default_Handler
                0x00000000080004bc                TIM14_IRQHandler
                0x00000000080004bc                DMA1_Channel4_5_IRQHandler
                0x00000000080004bc                EXTI0_1_IRQHandler
                0x00000000080004bc                SPI2_IRQHandler
                0x00000000080004bc                WWDG_IRQHandler
                0x00000000080004bc                TIM2_IRQHandler
                0x00000000080004bc                DMA1_Channel2_3_IRQHandler
                0x00000000080004bc                USART2_IRQHandler
                0x00000000080004bc                FLASH_IRQHandler
                0x00000000080004bc                USART1_IRQHandler
                0x00000000080004bc                TIM1_CC_IRQHandler
 *fill*         0x00000000080004be        0x2 
 .text.SystemInit
                0x00000000080004c0       0x60 Drivers/CMSIS/Device/ST/STM32F0xx/Source/Templates/system_stm32f0xx.o
                0x00000000080004c0                SystemInit
 .text.HAL_MspInit
                0x0000000008000520        0x2 Drivers/STM32F0xx_HAL_Driver/Src/stm32f0xx_hal.o
                0x0000000008000520                HAL_MspInit
 .text.HAL_InitTick
                0x0000000008000522       0x24 Drivers/STM32F0xx_HAL_Driver/Src/stm32f0xx_hal.o
                0x0000000008000522                HAL_InitTick
 *fill*         0x0000000008000546        0x2 
 .text.HAL_Init
                0x0000000008000548       0x20 Drivers/STM32F0xx_HAL_Driver/Src/stm32f0xx_hal.o
                0x0000000008000548                HAL_Init
 .text.HAL_IncTick
                0x0000000008000568       0x10 Drivers/STM32F0xx_HAL_Driver/Src/stm32f0xx_hal.o
                0x0000000008000568                HAL_IncTick
 .text.HAL_GetTick
                0x0000000008000578        0xc Drivers/STM32F0xx_HAL_Driver/Src/stm32f0xx_hal.o
                0x0000000008000578                HAL_GetTick
 .text.HAL_Delay
                0x0000000008000584       0x18 Drivers/STM32F0xx_HAL_Driver/Src/stm32f0xx_hal.o
                0x0000000008000584                HAL_Delay
 .text.HAL_NVIC_SetPriority
                0x000000000800059c       0x60 Drivers/STM32F0xx_HAL_Driver/Src/stm32f0xx_hal_cortex.o
                0x000000000800059c                HAL_NVIC_SetPriority
 .text.HAL_NVIC_EnableIRQ
                0x00000000080005fc       0x14 Drivers/STM32F0xx_HAL_Driver/Src/stm32f0xx_hal_cortex.o
                0x00000000080005fc                HAL_NVIC_EnableIRQ
 .text.HAL_SYSTICK_Config
                0x0000000008000610       0x34 Drivers/STM32F0xx_HAL_Driver/Src/stm32f0xx_hal_cortex.o
                0x0000000008000610                HAL_SYSTICK_Config
 .text.HAL_SYSTICK_CLKSourceConfig
                0x0000000008000644       0x1c Drivers/STM32F0xx_HAL_Driver/Src/stm32f0xx_hal_cortex.o
                0x0000000008000644                HAL_SYSTICK_CLKSourceConfig
 .text.HAL_SYSTICK_Callback
                0x0000000008000660        0x2 Drivers/STM32F0xx_HAL_Driver/Src/stm32f0xx_hal_cortex.o
                0x0000000008000660                HAL_SYSTICK_Callback
 .text.HAL_SYSTICK_IRQHandler
                0x0000000008000662        0x8 Drivers/STM32F0xx_HAL_Driver/Src/stm32f0xx_hal_cortex.o
                0x0000000008000662                HAL_SYSTICK_IRQHandler
 *fill*         0x000000000800066a        0x2 
 .text.FLASH_SetErrorCode
                0x000000000800066c       0x3c Drivers/STM32F0xx_HAL_Driver/Src/stm32f0xx_hal_flash.o
 .text.HAL_FLASH_Unlock
                0x00000000080006a8       0x24 Drivers/STM32F0xx_HAL_Driver/Src/stm32f0xx_hal_flash.o
                0x00000000080006a8                HAL_FLASH_Unlock
 .text.FLASH_WaitForLastOperation
                0x00000000080006cc       0x54 Drivers/STM32F0xx_HAL_Driver/Src/stm32f0xx_hal_flash.o
                0x00000000080006cc                FLASH_WaitForLastOperation
 .text.HAL_FLASH_Program
                0x0000000008000720       0x84 Drivers/STM32F0xx_HAL_Driver/Src/stm32f0xx_hal_flash.o
                0x0000000008000720                HAL_FLASH_Program
 .text.FLASH_MassErase
                0x00000000080007a4       0x24 Drivers/STM32F0xx_HAL_Driver/Src/stm32f0xx_hal_flash_ex.o
 .text.FLASH_PageErase
                0x00000000080007c8       0x24 Drivers/STM32F0xx_HAL_Driver/Src/stm32f0xx_hal_flash_ex.o
                0x00000000080007c8                FLASH_PageErase
 .text.HAL_FLASHEx_Erase
                0x00000000080007ec       0x9c Drivers/STM32F0xx_HAL_Driver/Src/stm32f0xx_hal_flash_ex.o
                0x00000000080007ec                HAL_FLASHEx_Erase
 .text.HAL_GPIO_Init
                0x0000000008000888      0x150 Drivers/STM32F0xx_HAL_Driver/Src/stm32f0xx_hal_gpio.o
                0x0000000008000888                HAL_GPIO_Init
 .text.HAL_GPIO_ReadPin
                0x00000000080009d8        0xc Drivers/STM32F0xx_HAL_Driver/Src/stm32f0xx_hal_gpio.o
                0x00000000080009d8                HAL_GPIO_ReadPin
 .text.HAL_GPIO_WritePin
                0x00000000080009e4        0xc Drivers/STM32F0xx_HAL_Driver/Src/stm32f0xx_hal_gpio.o
                0x00000000080009e4                HAL_GPIO_WritePin
 .text.HAL_PCD_Init
                0x00000000080009f0       0x8c Drivers/STM32F0xx_HAL_Driver/Src/stm32f0xx_hal_pcd.o
                0x00000000080009f0                HAL_PCD_Init
 .text.HAL_PCD_SetAddress
                0x0000000008000a7c       0x2e Drivers/STM32F0xx_HAL_Driver/Src/stm32f0xx_hal_pcd.o
                0x0000000008000a7c                HAL_PCD_SetAddress
 *fill*         0x0000000008000aaa        0x2 
 .text.HAL_PCD_EP_Open
                0x0000000008000aac      0x29c Drivers/STM32F0xx_HAL_Driver/Src/stm32f0xx_hal_pcd.o
                0x0000000008000aac                HAL_PCD_EP_Open
 .text.HAL_PCD_EP_Close
                0x0000000008000d48      0x15c Drivers/STM32F0xx_HAL_Driver/Src/stm32f0xx_hal_pcd.o
                0x0000000008000d48                HAL_PCD_EP_Close
 .text.HAL_PCD_EP_Receive
                0x0000000008000ea4      0x18c Drivers/STM32F0xx_HAL_Driver/Src/stm32f0xx_hal_pcd.o
                0x0000000008000ea4                HAL_PCD_EP_Receive
 .text.HAL_PCD_EP_SetStall
                0x0000000008001030       0x98 Drivers/STM32F0xx_HAL_Driver/Src/stm32f0xx_hal_pcd.o
                0x0000000008001030                HAL_PCD_EP_SetStall
 .text.HAL_PCD_EP_ClrStall
                0x00000000080010c8       0xb8 Drivers/STM32F0xx_HAL_Driver/Src/stm32f0xx_hal_pcd.o
                0x00000000080010c8                HAL_PCD_EP_ClrStall
 .text.PCD_WritePMA
                0x0000000008001180       0x28 Drivers/STM32F0xx_HAL_Driver/Src/stm32f0xx_hal_pcd.o
                0x0000000008001180                PCD_WritePMA
 .text.HAL_PCD_EP_Transmit
                0x00000000080011a8      0x1d8 Drivers/STM32F0xx_HAL_Driver/Src/stm32f0xx_hal_pcd.o
                0x00000000080011a8                HAL_PCD_EP_Transmit
 .text.PCD_ReadPMA
                0x0000000008001380       0x22 Drivers/STM32F0xx_HAL_Driver/Src/stm32f0xx_hal_pcd.o
                0x0000000008001380                PCD_ReadPMA
 *fill*         0x00000000080013a2        0x2 
 .text.HAL_PCD_IRQHandler
                0x00000000080013a4      0x470 Drivers/STM32F0xx_HAL_Driver/Src/stm32f0xx_hal_pcd.o
                0x00000000080013a4                HAL_PCD_IRQHandler
 .text.HAL_PCDEx_PMAConfig
                0x0000000008001814       0x36 Drivers/STM32F0xx_HAL_Driver/Src/stm32f0xx_hal_pcd_ex.o
                0x0000000008001814                HAL_PCDEx_PMAConfig
 *fill*         0x000000000800184a        0x2 
 .text.HAL_RCC_OscConfig
                0x000000000800184c      0x478 Drivers/STM32F0xx_HAL_Driver/Src/stm32f0xx_hal_rcc.o
                0x000000000800184c                HAL_RCC_OscConfig
 .text.HAL_RCC_GetSysClockFreq
                0x0000000008001cc4       0x78 Drivers/STM32F0xx_HAL_Driver/Src/stm32f0xx_hal_rcc.o
                0x0000000008001cc4                HAL_RCC_GetSysClockFreq
 .text.HAL_RCC_ClockConfig
                0x0000000008001d3c      0x158 Drivers/STM32F0xx_HAL_Driver/Src/stm32f0xx_hal_rcc.o
                0x0000000008001d3c                HAL_RCC_ClockConfig
 .text.HAL_RCC_GetHCLKFreq
                0x0000000008001e94        0xc Drivers/STM32F0xx_HAL_Driver/Src/stm32f0xx_hal_rcc.o
                0x0000000008001e94                HAL_RCC_GetHCLKFreq
 .text.HAL_RCCEx_PeriphCLKConfig
                0x0000000008001ea0      0x134 Drivers/STM32F0xx_HAL_Driver/Src/stm32f0xx_hal_rcc_ex.o
                0x0000000008001ea0                HAL_RCCEx_PeriphCLKConfig
 .text.USBD_Init
                0x0000000008001fd4       0x34 Middlewares/ST/STM32_USB_Device_Library/Core/Src/usbd_core.o
                0x0000000008001fd4                USBD_Init
 .text.USBD_RegisterClass
                0x0000000008002008       0x12 Middlewares/ST/STM32_USB_Device_Library/Core/Src/usbd_core.o
                0x0000000008002008                USBD_RegisterClass
 .text.USBD_Start
                0x000000000800201a        0xa Middlewares/ST/STM32_USB_Device_Library/Core/Src/usbd_core.o
                0x000000000800201a                USBD_Start
 .text.USBD_SetClassConfig
                0x0000000008002024       0x1a Middlewares/ST/STM32_USB_Device_Library/Core/Src/usbd_core.o
                0x0000000008002024                USBD_SetClassConfig
 .text.USBD_ClrClassConfig
                0x000000000800203e       0x10 Middlewares/ST/STM32_USB_Device_Library/Core/Src/usbd_core.o
                0x000000000800203e                USBD_ClrClassConfig
 *fill*         0x000000000800204e        0x2 
 .text.USBD_LL_SetupStage
                0x0000000008002050       0x68 Middlewares/ST/STM32_USB_Device_Library/Core/Src/usbd_core.o
                0x0000000008002050                USBD_LL_SetupStage
 .text.USBD_LL_DataOutStage
                0x00000000080020b8       0x74 Middlewares/ST/STM32_USB_Device_Library/Core/Src/usbd_core.o
                0x00000000080020b8                USBD_LL_DataOutStage
 .text.USBD_LL_DataInStage
                0x000000000800212c       0xac Middlewares/ST/STM32_USB_Device_Library/Core/Src/usbd_core.o
                0x000000000800212c                USBD_LL_DataInStage
 .text.USBD_LL_Reset
                0x00000000080021d8       0x46 Middlewares/ST/STM32_USB_Device_Library/Core/Src/usbd_core.o
                0x00000000080021d8                USBD_LL_Reset
 .text.USBD_LL_SetSpeed
                0x000000000800221e        0x6 Middlewares/ST/STM32_USB_Device_Library/Core/Src/usbd_core.o
                0x000000000800221e                USBD_LL_SetSpeed
 .text.USBD_LL_Suspend
                0x0000000008002224       0x16 Middlewares/ST/STM32_USB_Device_Library/Core/Src/usbd_core.o
                0x0000000008002224                USBD_LL_Suspend
 .text.USBD_LL_Resume
                0x000000000800223a        0xe Middlewares/ST/STM32_USB_Device_Library/Core/Src/usbd_core.o
                0x000000000800223a                USBD_LL_Resume
 .text.USBD_LL_SOF
                0x0000000008002248       0x1e Middlewares/ST/STM32_USB_Device_Library/Core/Src/usbd_core.o
                0x0000000008002248                USBD_LL_SOF
 .text.USBD_ParseSetupRequest
                0x0000000008002266       0x28 Middlewares/ST/STM32_USB_Device_Library/Core/Src/usbd_ctlreq.o
                0x0000000008002266                USBD_ParseSetupRequest
 .text.USBD_CtlError
                0x000000000800228e       0x14 Middlewares/ST/STM32_USB_Device_Library/Core/Src/usbd_ctlreq.o
                0x000000000800228e                USBD_CtlError
 *fill*         0x00000000080022a2        0x2 
 .text.USBD_StdDevReq
                0x00000000080022a4      0x23c Middlewares/ST/STM32_USB_Device_Library/Core/Src/usbd_ctlreq.o
                0x00000000080022a4                USBD_StdDevReq
 .text.USBD_StdItfReq
                0x00000000080024e0       0x3a Middlewares/ST/STM32_USB_Device_Library/Core/Src/usbd_ctlreq.o
                0x00000000080024e0                USBD_StdItfReq
 .text.USBD_StdEPReq
                0x000000000800251a       0xe0 Middlewares/ST/STM32_USB_Device_Library/Core/Src/usbd_ctlreq.o
                0x000000000800251a                USBD_StdEPReq
 .text.USBD_GetString
                0x00000000080025fa       0x3c Middlewares/ST/STM32_USB_Device_Library/Core/Src/usbd_ctlreq.o
                0x00000000080025fa                USBD_GetString
 .text.USBD_CtlSendData
                0x0000000008002636       0x1c Middlewares/ST/STM32_USB_Device_Library/Core/Src/usbd_ioreq.o
                0x0000000008002636                USBD_CtlSendData
 .text.USBD_CtlContinueSendData
                0x0000000008002652       0x10 Middlewares/ST/STM32_USB_Device_Library/Core/Src/usbd_ioreq.o
                0x0000000008002652                USBD_CtlContinueSendData
 .text.USBD_CtlContinueRx
                0x0000000008002662       0x10 Middlewares/ST/STM32_USB_Device_Library/Core/Src/usbd_ioreq.o
                0x0000000008002662                USBD_CtlContinueRx
 .text.USBD_CtlSendStatus
                0x0000000008002672       0x18 Middlewares/ST/STM32_USB_Device_Library/Core/Src/usbd_ioreq.o
                0x0000000008002672                USBD_CtlSendStatus
 .text.USBD_CtlReceiveStatus
                0x000000000800268a       0x18 Middlewares/ST/STM32_USB_Device_Library/Core/Src/usbd_ioreq.o
                0x000000000800268a                USBD_CtlReceiveStatus
 *fill*         0x00000000080026a2        0x2 
 .text.USBD_MIDI_DataIn
                0x00000000080026a4       0x14 Middlewares/USBMIDI/Src/usbd_midi.o
 .text.USBD_MIDI_GetCfgDesc
                0x00000000080026b8        0xc Middlewares/USBMIDI/Src/usbd_midi.o
 .text.USBD_MIDI_DataOut
                0x00000000080026c4       0x38 Middlewares/USBMIDI/Src/usbd_midi.o
 .text.USBD_MIDI_DeInit
                0x00000000080026fc       0x20 Middlewares/USBMIDI/Src/usbd_midi.o
 .text.USBD_MIDI_Init
                0x000000000800271c       0x38 Middlewares/USBMIDI/Src/usbd_midi.o
 .text.USBD_MIDI_SendPacket
                0x0000000008002754       0x70 Middlewares/USBMIDI/Src/usbd_midi.o
                0x0000000008002754                USBD_MIDI_SendPacket
 .text.USBD_MIDI_RegisterInterface
                0x00000000080027c4       0x12 Middlewares/USBMIDI/Src/usbd_midi.o
                0x00000000080027c4                USBD_MIDI_RegisterInterface
 *fill*         0x00000000080027d6        0x2 
 .text.EE_VerifyPageFullyErased
                0x00000000080027d8       0x24 Src/eeprom.o
 .text.EE_VerifyPageFullWriteVariable
                0x00000000080027fc       0x84 Src/eeprom.o
 .text.EE_Format
                0x0000000008002880       0x5c Src/eeprom.o
 .text.EE_ReadVariable
                0x00000000080028dc       0x54 Src/eeprom.o
                0x00000000080028dc                EE_ReadVariable
 .text.EE_Init  0x0000000008002930      0x194 Src/eeprom.o
                0x0000000008002930                EE_Init
 .text.EE_WriteVariable
                0x0000000008002ac4       0xc8 Src/eeprom.o
                0x0000000008002ac4                EE_WriteVariable
 .text.led_on   0x0000000008002b8c       0x1c Src/main.o
                0x0000000008002b8c                led_on
 .text.onCtlChange
                0x0000000008002ba8       0x70 Src/main.o
 .text.onNoteOn
                0x0000000008002c18        0x8 Src/main.o
 .text.led_off  0x0000000008002c20       0x1c Src/main.o
                0x0000000008002c20                led_off
 .text.onNoteOff
                0x0000000008002c3c        0x8 Src/main.o
 .text.loadNums
                0x0000000008002c44       0x60 Src/main.o
                0x0000000008002c44                loadNums
 .text.sensorLEDOn
                0x0000000008002ca4       0x1c Src/main.o
                0x0000000008002ca4                sensorLEDOn
 .text.sensorLEDOff
                0x0000000008002cc0       0x1c Src/main.o
                0x0000000008002cc0                sensorLEDOff
 .text.sensorPinOut
                0x0000000008002cdc       0x1c Src/main.o
                0x0000000008002cdc                sensorPinOut
 .text.sensorPinClear
                0x0000000008002cf8       0x1c Src/main.o
                0x0000000008002cf8                sensorPinClear
 .text.sensorPinCheck
                0x0000000008002d14       0x18 Src/main.o
                0x0000000008002d14                sensorPinCheck
 .text.sensorMeasure
                0x0000000008002d2c       0x48 Src/main.o
                0x0000000008002d2c                sensorMeasure
 .text.sensorLedBlink
                0x0000000008002d74       0x2e Src/main.o
                0x0000000008002d74                sensorLedBlink
 *fill*         0x0000000008002da2        0x2 
 .text.sensorCalibration
                0x0000000008002da4       0xe0 Src/main.o
                0x0000000008002da4                sensorCalibration
 .text.checkCalibrationButton
                0x0000000008002e84       0x28 Src/main.o
                0x0000000008002e84                checkCalibrationButton
 .text.trigNoteOff
                0x0000000008002eac       0x20 Src/main.o
                0x0000000008002eac                trigNoteOff
 .text.sendDbgData
                0x0000000008002ecc       0x5c Src/main.o
                0x0000000008002ecc                sendDbgData
 .text.Error_Handler
                0x0000000008002f28       0x12 Src/main.o
                0x0000000008002f28                Error_Handler
 .text.SystemClock_Config
                0x0000000008002f3a       0x82 Src/main.o
                0x0000000008002f3a                SystemClock_Config
 .text.startup.main
                0x0000000008002fbc      0x204 Src/main.o
                0x0000000008002fbc                main
 .text.b4arrq_init
                0x00000000080031c0        0xe Src/queue32.o
                0x00000000080031c0                b4arrq_init
 .text.b4arrq_push
                0x00000000080031ce       0x2a Src/queue32.o
                0x00000000080031ce                b4arrq_push
 .text.b4arrq_pop
                0x00000000080031f8       0x26 Src/queue32.o
                0x00000000080031f8                b4arrq_pop
 .text.NMI_Handler
                0x000000000800321e        0x2 Src/stm32f0xx_it.o
                0x000000000800321e                NMI_Handler
 .text.HardFault_Handler
                0x0000000008003220        0x2 Src/stm32f0xx_it.o
                0x0000000008003220                HardFault_Handler
 .text.SVC_Handler
                0x0000000008003222        0x2 Src/stm32f0xx_it.o
                0x0000000008003222                SVC_Handler
 .text.PendSV_Handler
                0x0000000008003224        0x2 Src/stm32f0xx_it.o
                0x0000000008003224                PendSV_Handler
 .text.SysTick_Handler
                0x0000000008003226        0xc Src/stm32f0xx_it.o
                0x0000000008003226                SysTick_Handler
 *fill*         0x0000000008003232        0x2 
 .text.USB_IRQHandler
                0x0000000008003234       0x10 Src/stm32f0xx_it.o
                0x0000000008003234                USB_IRQHandler
 .text.MX_USB_DEVICE_Init
                0x0000000008003244       0x38 Src/usb_device.o
                0x0000000008003244                MX_USB_DEVICE_Init
 .text.HAL_PCD_MspInit
                0x000000000800327c       0x38 Src/usbd_conf.o
                0x000000000800327c                HAL_PCD_MspInit
 .text.HAL_PCD_SetupStageCallback
                0x00000000080032b4       0x14 Src/usbd_conf.o
                0x00000000080032b4                HAL_PCD_SetupStageCallback
 .text.HAL_PCD_DataOutStageCallback
                0x00000000080032c8       0x18 Src/usbd_conf.o
                0x00000000080032c8                HAL_PCD_DataOutStageCallback
 .text.HAL_PCD_DataInStageCallback
                0x00000000080032e0       0x16 Src/usbd_conf.o
                0x00000000080032e0                HAL_PCD_DataInStageCallback
 .text.HAL_PCD_SOFCallback
                0x00000000080032f6        0xe Src/usbd_conf.o
                0x00000000080032f6                HAL_PCD_SOFCallback
 .text.HAL_PCD_ResetCallback
                0x0000000008003304       0x18 Src/usbd_conf.o
                0x0000000008003304                HAL_PCD_ResetCallback
 .text.HAL_PCD_SuspendCallback
                0x000000000800331c       0x24 Src/usbd_conf.o
                0x000000000800331c                HAL_PCD_SuspendCallback
 .text.HAL_PCD_ResumeCallback
                0x0000000008003340       0x28 Src/usbd_conf.o
                0x0000000008003340                HAL_PCD_ResumeCallback
 .text.USBD_LL_Init
                0x0000000008003368       0x74 Src/usbd_conf.o
                0x0000000008003368                USBD_LL_Init
 .text.USBD_LL_Start
                0x00000000080033dc        0x4 Src/usbd_conf.o
                0x00000000080033dc                USBD_LL_Start
 .text.USBD_LL_OpenEP
                0x00000000080033e0       0x16 Src/usbd_conf.o
                0x00000000080033e0                USBD_LL_OpenEP
 .text.USBD_LL_CloseEP
                0x00000000080033f6       0x10 Src/usbd_conf.o
                0x00000000080033f6                USBD_LL_CloseEP
 .text.USBD_LL_StallEP
                0x0000000008003406       0x10 Src/usbd_conf.o
                0x0000000008003406                USBD_LL_StallEP
 .text.USBD_LL_ClearStallEP
                0x0000000008003416       0x10 Src/usbd_conf.o
                0x0000000008003416                USBD_LL_ClearStallEP
 .text.USBD_LL_IsStallEP
                0x0000000008003426       0x26 Src/usbd_conf.o
                0x0000000008003426                USBD_LL_IsStallEP
 .text.USBD_LL_SetUSBAddress
                0x000000000800344c       0x10 Src/usbd_conf.o
                0x000000000800344c                USBD_LL_SetUSBAddress
 .text.USBD_LL_Transmit
                0x000000000800345c       0x10 Src/usbd_conf.o
                0x000000000800345c                USBD_LL_Transmit
 .text.USBD_LL_PrepareReceive
                0x000000000800346c       0x10 Src/usbd_conf.o
                0x000000000800346c                USBD_LL_PrepareReceive
 .text.USBD_FS_DeviceDescriptor
                0x000000000800347c        0xc Src/usbd_desc.o
                0x000000000800347c                USBD_FS_DeviceDescriptor
 .text.USBD_FS_LangIDStrDescriptor
                0x0000000008003488       0x10 Src/usbd_desc.o
                0x0000000008003488                USBD_FS_LangIDStrDescriptor
 .text.USBD_FS_ManufacturerStrDescriptor
                0x0000000008003498       0x1c Src/usbd_desc.o
                0x0000000008003498                USBD_FS_ManufacturerStrDescriptor
 .text.USBD_FS_ProductStrDescriptor
                0x00000000080034b4       0x1c Src/usbd_desc.o
                0x00000000080034b4                USBD_FS_ProductStrDescriptor
 .text.USBD_FS_SerialStrDescriptor
                0x00000000080034d0       0x1c Src/usbd_desc.o
                0x00000000080034d0                USBD_FS_SerialStrDescriptor
 .text.USBD_FS_ConfigStrDescriptor
                0x00000000080034ec       0x1c Src/usbd_desc.o
                0x00000000080034ec                USBD_FS_ConfigStrDescriptor
 .text.USBD_FS_InterfaceStrDescriptor
                0x0000000008003508       0x1c Src/usbd_desc.o
                0x0000000008003508                USBD_FS_InterfaceStrDescriptor
 .text.MIDI_DataTx
                0x0000000008003524       0x3c Src/usbd_midi_if.o
 .text.MIDI_DataRx
                0x0000000008003560       0x28 Src/usbd_midi_if.o
 .text.mimuz_init
                0x0000000008003588       0x10 Src/usbd_midi_if.o
                0x0000000008003588                mimuz_init
 .text.setHdlNoteOff
                0x0000000008003598        0xc Src/usbd_midi_if.o
                0x0000000008003598                setHdlNoteOff
 .text.setHdlNoteOn
                0x00000000080035a4        0xc Src/usbd_midi_if.o
                0x00000000080035a4                setHdlNoteOn
 .text.setHdlCtlChange
                0x00000000080035b0        0xc Src/usbd_midi_if.o
                0x00000000080035b0                setHdlCtlChange
 .text.sendNoteOn
                0x00000000080035bc       0x28 Src/usbd_midi_if.o
                0x00000000080035bc                sendNoteOn
 .text.sendNoteOff
                0x00000000080035e4       0x28 Src/usbd_midi_if.o
                0x00000000080035e4                sendNoteOff
 .text.sendCtlChange
                0x000000000800360c       0x28 Src/usbd_midi_if.o
                0x000000000800360c                sendCtlChange
 .text.processMidiMessage
                0x0000000008003634       0x7c Src/usbd_midi_if.o
                0x0000000008003634                processMidiMessage
 .text.__libc_init_array
                0x00000000080036b0       0x4c /Applications/SystemWorkbench.app/Contents/Eclipse/plugins/fr.ac6.mcu.externaltools.arm-none.macos64_1.13.1.201703061524/tools/compiler/bin/../lib/gcc/arm-none-eabi/5.4.1/../../../../arm-none-eabi/lib/armv6-m/libc_nano.a(lib_a-init.o)
                0x00000000080036b0                __libc_init_array
 .text.memcpy   0x00000000080036fc       0x12 /Applications/SystemWorkbench.app/Contents/Eclipse/plugins/fr.ac6.mcu.externaltools.arm-none.macos64_1.13.1.201703061524/tools/compiler/bin/../lib/gcc/arm-none-eabi/5.4.1/../../../../arm-none-eabi/lib/armv6-m/libc_nano.a(lib_a-memcpy-stub.o)
                0x00000000080036fc                memcpy
 *(.glue_7)
 .glue_7        0x000000000800370e        0x0 linker stubs
 *(.glue_7t)
 .glue_7t       0x000000000800370e        0x0 linker stubs
 *(.eh_frame)
 *fill*         0x000000000800370e        0x2 
 .eh_frame      0x0000000008003710        0x0 /Applications/SystemWorkbench.app/Contents/Eclipse/plugins/fr.ac6.mcu.externaltools.arm-none.macos64_1.13.1.201703061524/tools/compiler/bin/../lib/gcc/arm-none-eabi/5.4.1/armv6-m/crtbegin.o
 *(.init)
 .init          0x0000000008003710        0x4 /Applications/SystemWorkbench.app/Contents/Eclipse/plugins/fr.ac6.mcu.externaltools.arm-none.macos64_1.13.1.201703061524/tools/compiler/bin/../lib/gcc/arm-none-eabi/5.4.1/armv6-m/crti.o
                0x0000000008003710                _init
 .init          0x0000000008003714        0x8 /Applications/SystemWorkbench.app/Contents/Eclipse/plugins/fr.ac6.mcu.externaltools.arm-none.macos64_1.13.1.201703061524/tools/compiler/bin/../lib/gcc/arm-none-eabi/5.4.1/armv6-m/crtn.o
 *(.fini)
 .fini          0x000000000800371c        0x4 /Applications/SystemWorkbench.app/Contents/Eclipse/plugins/fr.ac6.mcu.externaltools.arm-none.macos64_1.13.1.201703061524/tools/compiler/bin/../lib/gcc/arm-none-eabi/5.4.1/armv6-m/crti.o
                0x000000000800371c                _fini
 .fini          0x0000000008003720        0x8 /Applications/SystemWorkbench.app/Contents/Eclipse/plugins/fr.ac6.mcu.externaltools.arm-none.macos64_1.13.1.201703061524/tools/compiler/bin/../lib/gcc/arm-none-eabi/5.4.1/armv6-m/crtn.o
                0x0000000008003728                . = ALIGN (0x4)
                0x0000000008003728                _etext = .

.vfp11_veneer   0x0000000008003728        0x0
 .vfp11_veneer  0x0000000008003728        0x0 linker stubs

.v4_bx          0x0000000008003728        0x0
 .v4_bx         0x0000000008003728        0x0 linker stubs

.iplt           0x0000000008003728        0x0
 .iplt          0x0000000008003728        0x0 /Applications/SystemWorkbench.app/Contents/Eclipse/plugins/fr.ac6.mcu.externaltools.arm-none.macos64_1.13.1.201703061524/tools/compiler/bin/../lib/gcc/arm-none-eabi/5.4.1/armv6-m/crtbegin.o

.rodata         0x0000000008003728       0x7c
                0x0000000008003728                . = ALIGN (0x4)
 *(.rodata)
 .rodata        0x0000000008003728       0x18 Drivers/CMSIS/Device/ST/STM32F0xx/Source/Templates/system_stm32f0xx.o
                0x0000000008003728                AHBPrescTable
                0x0000000008003738                APBPrescTable
 .rodata        0x0000000008003740       0x20 Drivers/STM32F0xx_HAL_Driver/Src/stm32f0xx_hal_rcc.o
 *(.rodata*)
 .rodata.str1.1
                0x0000000008003760       0x43 Src/usbd_desc.o
                0x00000000080037a4                . = ALIGN (0x4)
 *fill*         0x00000000080037a3        0x1 

.rel.dyn        0x00000000080037a4        0x0
 .rel.iplt      0x00000000080037a4        0x0 /Applications/SystemWorkbench.app/Contents/Eclipse/plugins/fr.ac6.mcu.externaltools.arm-none.macos64_1.13.1.201703061524/tools/compiler/bin/../lib/gcc/arm-none-eabi/5.4.1/armv6-m/crtbegin.o

.ARM.extab
 *(.ARM.extab* .gnu.linkonce.armextab.*)

.ARM            0x00000000080037a4        0x0
                0x00000000080037a4                __exidx_start = .
 *(.ARM.exidx*)
                0x00000000080037a4                __exidx_end = .

.preinit_array  0x00000000080037a4        0x0
                0x00000000080037a4                PROVIDE (__preinit_array_start, .)
 *(.preinit_array*)
                0x00000000080037a4                PROVIDE (__preinit_array_end, .)

.init_array     0x00000000080037a4        0x4
                0x00000000080037a4                PROVIDE (__init_array_start, .)
 *(SORT(.init_array.*))
 *(.init_array*)
 .init_array    0x00000000080037a4        0x4 /Applications/SystemWorkbench.app/Contents/Eclipse/plugins/fr.ac6.mcu.externaltools.arm-none.macos64_1.13.1.201703061524/tools/compiler/bin/../lib/gcc/arm-none-eabi/5.4.1/armv6-m/crtbegin.o
                0x00000000080037a8                PROVIDE (__init_array_end, .)

.fini_array     0x00000000080037a8        0x4
                [!provide]                        PROVIDE (__fini_array_start, .)
 *(SORT(.fini_array.*))
 *(.fini_array*)
 .fini_array    0x00000000080037a8        0x4 /Applications/SystemWorkbench.app/Contents/Eclipse/plugins/fr.ac6.mcu.externaltools.arm-none.macos64_1.13.1.201703061524/tools/compiler/bin/../lib/gcc/arm-none-eabi/5.4.1/armv6-m/crtbegin.o
                [!provide]                        PROVIDE (__fini_array_end, .)
                0x00000000080037ac                _sidata = LOADADDR (.data)

.data           0x0000000020000000      0x1b8 load address 0x00000000080037ac
                0x0000000020000000                . = ALIGN (0x4)
                0x0000000020000000                _sdata = .
 *(.data)
 .data          0x0000000020000000        0x4 Drivers/CMSIS/Device/ST/STM32F0xx/Source/Templates/system_stm32f0xx.o
                0x0000000020000000                SystemCoreClock
 .data          0x0000000020000004       0xa0 Middlewares/USBMIDI/Src/usbd_midi.o
                0x0000000020000004                USBD_MIDI_CfgDesc
                0x000000002000006c                USBD_MIDI
 .data          0x00000000200000a4       0xd8 Src/main.o
                0x00000000200000a4                VirtAddVarTab
                0x00000000200000b4                notes
                0x00000000200000bc                ttouchGpio
                0x0000000020000134                comp
                0x000000002000014c                compH
                0x0000000020000164                compL
 .data          0x000000002000017c       0x34 Src/usbd_desc.o
                0x000000002000017c                USBD_FS_DeviceDesc
                0x0000000020000190                USBD_LangIDDesc
                0x0000000020000194                FS_Desc
 .data          0x00000000200001b0        0x8 Src/usbd_midi_if.o
                0x00000000200001b0                USBD_Interface_fops_FS
 *(.data*)
                0x00000000200001b8                . = ALIGN (0x4)
                0x00000000200001b8                _edata = .

.jcr            0x00000000200001b8        0x0 load address 0x0000000008003964
 .jcr           0x00000000200001b8        0x0 /Applications/SystemWorkbench.app/Contents/Eclipse/plugins/fr.ac6.mcu.externaltools.arm-none.macos64_1.13.1.201703061524/tools/compiler/bin/../lib/gcc/arm-none-eabi/5.4.1/armv6-m/crtbegin.o

.igot.plt       0x00000000200001b8        0x0 load address 0x0000000008003964
 .igot.plt      0x00000000200001b8        0x0 /Applications/SystemWorkbench.app/Contents/Eclipse/plugins/fr.ac6.mcu.externaltools.arm-none.macos64_1.13.1.201703061524/tools/compiler/bin/../lib/gcc/arm-none-eabi/5.4.1/armv6-m/crtbegin.o
                0x00000000200001b8                . = ALIGN (0x4)

.bss            0x00000000200001b8      0x94c load address 0x0000000008003964
                0x00000000200001b8                _sbss = .
                0x00000000200001b8                __bss_start__ = _sbss
 *(.bss)
 .bss           0x00000000200001b8       0x1c /Applications/SystemWorkbench.app/Contents/Eclipse/plugins/fr.ac6.mcu.externaltools.arm-none.macos64_1.13.1.201703061524/tools/compiler/bin/../lib/gcc/arm-none-eabi/5.4.1/armv6-m/crtbegin.o
 .bss           0x00000000200001d4        0x1 Middlewares/ST/STM32_USB_Device_Library/Core/Src/usbd_ctlreq.o
 *fill*         0x00000000200001d5        0x3 
 .bss           0x00000000200001d8       0x14 Middlewares/USBMIDI/Src/usbd_midi.o
                0x00000000200001d8                USB_Tx_State
                0x00000000200001dc                pInstance
                0x00000000200001e0                APP_Rx_ptr_out
                0x00000000200001e4                APP_Rx_ptr_in
                0x00000000200001e8                APP_Rx_length
 .bss           0x00000000200001ec        0x2 Src/eeprom.o
                0x00000000200001ec                DataVar
 *fill*         0x00000000200001ee        0x2 
 .bss           0x00000000200001f0       0x48 Src/main.o
                0x00000000200001f0                mode
                0x00000000200001f2                VarDataTab
                0x0000000020000204                val
                0x000000002000021c                old_button
                0x0000000020000220                dbg_mode
                0x0000000020000221                seq
                0x0000000020000227                onoff
                0x0000000020000230                dbg_cnt
                0x0000000020000234                old_pin
 .bss           0x0000000020000238        0x4 Src/usbd_midi_if.o
 *(.bss*)
 *(COMMON)
 COMMON         0x000000002000023c        0x4 Drivers/STM32F0xx_HAL_Driver/Src/stm32f0xx_hal.o
                0x000000002000023c                uwTick
 COMMON         0x0000000020000240       0x20 Drivers/STM32F0xx_HAL_Driver/Src/stm32f0xx_hal_flash.o
                0x0000000020000240                pFlash
 COMMON         0x0000000020000260      0x140 Middlewares/USBMIDI/Src/usbd_midi.o
                0x0000000020000260                USB_Rx_Buffer
                0x00000000200002a0                APP_Rx_Buffer
 COMMON         0x00000000200003a0        0x2 Src/main.o
                0x00000000200003a0                ledTime
 *fill*         0x00000000200003a2        0x2 
 COMMON         0x00000000200003a4      0x224 Src/usb_device.o
                0x00000000200003a4                hUsbDeviceFS
 COMMON         0x00000000200005c8      0x220 Src/usbd_conf.o
                0x00000000200005c8                hpcd_USB_FS
 COMMON         0x00000000200007e8      0x200 Src/usbd_desc.o
                0x00000000200007e8                USBD_StrDesc
 COMMON         0x00000000200009e8      0x11c Src/usbd_midi_if.o
                0x00000000200009e8                cbNoteOn
                0x00000000200009ec                rxq
                0x0000000020000afc                cbCtlChange
                0x0000000020000b00                cbNoteOff
                0x0000000020000b04                . = ALIGN (0x4)
                0x0000000020000b04                _ebss = .
                0x0000000020000b04                __bss_end__ = _ebss

._user_heap_stack
                0x0000000020000b04      0x604 load address 0x0000000008003964
                0x0000000020000b08                . = ALIGN (0x8)
 *fill*         0x0000000020000b04        0x4 
                [!provide]                        PROVIDE (end, .)
                [!provide]                        PROVIDE (_end, .)
                0x0000000020000d08                . = (. + _Min_Heap_Size)
 *fill*         0x0000000020000b08      0x200 
                0x0000000020001108                . = (. + _Min_Stack_Size)
 *fill*         0x0000000020000d08      0x400 
                0x0000000020001108                . = ALIGN (0x8)

/DISCARD/
 libc.a(*)
 libm.a(*)
 libgcc.a(*)

.ARM.attributes
                0x0000000000000000       0x28
 *(.ARM.attributes)
 .ARM.attributes
                0x0000000000000000       0x1e /Applications/SystemWorkbench.app/Contents/Eclipse/plugins/fr.ac6.mcu.externaltools.arm-none.macos64_1.13.1.201703061524/tools/compiler/bin/../lib/gcc/arm-none-eabi/5.4.1/armv6-m/crti.o
 .ARM.attributes
                0x000000000000001e       0x2c /Applications/SystemWorkbench.app/Contents/Eclipse/plugins/fr.ac6.mcu.externaltools.arm-none.macos64_1.13.1.201703061524/tools/compiler/bin/../lib/gcc/arm-none-eabi/5.4.1/armv6-m/crtbegin.o
 .ARM.attributes
                0x000000000000004a       0x21 Drivers/CMSIS/Device/ST/STM32F0xx/Source/Templates/gcc/startup_stm32f042x6.o
 .ARM.attributes
                0x000000000000006b       0x31 Drivers/CMSIS/Device/ST/STM32F0xx/Source/Templates/system_stm32f0xx.o
 .ARM.attributes
                0x000000000000009c       0x31 Drivers/STM32F0xx_HAL_Driver/Src/stm32f0xx_hal.o
 .ARM.attributes
                0x00000000000000cd       0x31 Drivers/STM32F0xx_HAL_Driver/Src/stm32f0xx_hal_cortex.o
 .ARM.attributes
                0x00000000000000fe       0x31 Drivers/STM32F0xx_HAL_Driver/Src/stm32f0xx_hal_flash.o
 .ARM.attributes
                0x000000000000012f       0x31 Drivers/STM32F0xx_HAL_Driver/Src/stm32f0xx_hal_flash_ex.o
 .ARM.attributes
                0x0000000000000160       0x31 Drivers/STM32F0xx_HAL_Driver/Src/stm32f0xx_hal_gpio.o
 .ARM.attributes
                0x0000000000000191       0x31 Drivers/STM32F0xx_HAL_Driver/Src/stm32f0xx_hal_pcd.o
 .ARM.attributes
                0x00000000000001c2       0x31 Drivers/STM32F0xx_HAL_Driver/Src/stm32f0xx_hal_pcd_ex.o
 .ARM.attributes
                0x00000000000001f3       0x31 Drivers/STM32F0xx_HAL_Driver/Src/stm32f0xx_hal_rcc.o
 .ARM.attributes
                0x0000000000000224       0x31 Drivers/STM32F0xx_HAL_Driver/Src/stm32f0xx_hal_rcc_ex.o
 .ARM.attributes
                0x0000000000000255       0x31 Middlewares/ST/STM32_USB_Device_Library/Core/Src/usbd_core.o
 .ARM.attributes
                0x0000000000000286       0x31 Middlewares/ST/STM32_USB_Device_Library/Core/Src/usbd_ctlreq.o
 .ARM.attributes
                0x00000000000002b7       0x31 Middlewares/ST/STM32_USB_Device_Library/Core/Src/usbd_ioreq.o
 .ARM.attributes
                0x00000000000002e8       0x31 Middlewares/USBMIDI/Src/usbd_midi.o
 .ARM.attributes
                0x0000000000000319       0x31 Src/eeprom.o
 .ARM.attributes
                0x000000000000034a       0x31 Src/main.o
 .ARM.attributes
                0x000000000000037b       0x31 Src/queue32.o
 .ARM.attributes
                0x00000000000003ac       0x31 Src/stm32f0xx_it.o
 .ARM.attributes
                0x00000000000003dd       0x31 Src/usb_device.o
 .ARM.attributes
                0x000000000000040e       0x31 Src/usbd_conf.o
 .ARM.attributes
                0x000000000000043f       0x31 Src/usbd_desc.o
 .ARM.attributes
                0x0000000000000470       0x31 Src/usbd_midi_if.o
 .ARM.attributes
                0x00000000000004a1       0x1e /Applications/SystemWorkbench.app/Contents/Eclipse/plugins/fr.ac6.mcu.externaltools.arm-none.macos64_1.13.1.201703061524/tools/compiler/bin/../lib/gcc/arm-none-eabi/5.4.1/armv6-m/libgcc.a(_thumb1_case_uqi.o)
 .ARM.attributes
                0x00000000000004bf       0x1e /Applications/SystemWorkbench.app/Contents/Eclipse/plugins/fr.ac6.mcu.externaltools.arm-none.macos64_1.13.1.201703061524/tools/compiler/bin/../lib/gcc/arm-none-eabi/5.4.1/armv6-m/libgcc.a(_thumb1_case_uhi.o)
 .ARM.attributes
                0x00000000000004dd       0x1e /Applications/SystemWorkbench.app/Contents/Eclipse/plugins/fr.ac6.mcu.externaltools.arm-none.macos64_1.13.1.201703061524/tools/compiler/bin/../lib/gcc/arm-none-eabi/5.4.1/armv6-m/libgcc.a(_udivsi3.o)
 .ARM.attributes
                0x00000000000004fb       0x1e /Applications/SystemWorkbench.app/Contents/Eclipse/plugins/fr.ac6.mcu.externaltools.arm-none.macos64_1.13.1.201703061524/tools/compiler/bin/../lib/gcc/arm-none-eabi/5.4.1/armv6-m/libgcc.a(_divsi3.o)
 .ARM.attributes
                0x0000000000000519       0x1e /Applications/SystemWorkbench.app/Contents/Eclipse/plugins/fr.ac6.mcu.externaltools.arm-none.macos64_1.13.1.201703061524/tools/compiler/bin/../lib/gcc/arm-none-eabi/5.4.1/armv6-m/libgcc.a(_dvmd_tls.o)
 .ARM.attributes
                0x0000000000000537       0x1e /Applications/SystemWorkbench.app/Contents/Eclipse/plugins/fr.ac6.mcu.externaltools.arm-none.macos64_1.13.1.201703061524/tools/compiler/bin/../lib/gcc/arm-none-eabi/5.4.1/armv6-m/libgcc.a(_lshrdi3.o)
 .ARM.attributes
                0x0000000000000555       0x2c /Applications/SystemWorkbench.app/Contents/Eclipse/plugins/fr.ac6.mcu.externaltools.arm-none.macos64_1.13.1.201703061524/tools/compiler/bin/../lib/gcc/arm-none-eabi/5.4.1/../../../../arm-none-eabi/lib/armv6-m/libc_nano.a(lib_a-init.o)
 .ARM.attributes
                0x0000000000000581       0x2c /Applications/SystemWorkbench.app/Contents/Eclipse/plugins/fr.ac6.mcu.externaltools.arm-none.macos64_1.13.1.201703061524/tools/compiler/bin/../lib/gcc/arm-none-eabi/5.4.1/../../../../arm-none-eabi/lib/armv6-m/libc_nano.a(lib_a-memcpy-stub.o)
 .ARM.attributes
                0x00000000000005ad       0x1e /Applications/SystemWorkbench.app/Contents/Eclipse/plugins/fr.ac6.mcu.externaltools.arm-none.macos64_1.13.1.201703061524/tools/compiler/bin/../lib/gcc/arm-none-eabi/5.4.1/armv6-m/crtn.o
OUTPUT(mimuz-tuch-v0.20.elf elf32-littlearm)

.debug_line     0x0000000000000000     0xdb68
 .debug_line    0x0000000000000000       0xc4 Drivers/CMSIS/Device/ST/STM32F0xx/Source/Templates/gcc/startup_stm32f042x6.o
 .debug_line    0x00000000000000c4      0x897 Drivers/CMSIS/Device/ST/STM32F0xx/Source/Templates/system_stm32f0xx.o
 .debug_line    0x000000000000095b      0x974 Drivers/STM32F0xx_HAL_Driver/Src/stm32f0xx_hal.o
 .debug_line    0x00000000000012cf      0x9c3 Drivers/STM32F0xx_HAL_Driver/Src/stm32f0xx_hal_cortex.o
 .debug_line    0x0000000000001c92      0xa2f Drivers/STM32F0xx_HAL_Driver/Src/stm32f0xx_hal_flash.o
 .debug_line    0x00000000000026c1      0xa3f Drivers/STM32F0xx_HAL_Driver/Src/stm32f0xx_hal_flash_ex.o
 .debug_line    0x0000000000003100      0x9ac Drivers/STM32F0xx_HAL_Driver/Src/stm32f0xx_hal_gpio.o
 .debug_line    0x0000000000003aac      0xdd1 Drivers/STM32F0xx_HAL_Driver/Src/stm32f0xx_hal_pcd.o
 .debug_line    0x000000000000487d      0x84d Drivers/STM32F0xx_HAL_Driver/Src/stm32f0xx_hal_pcd_ex.o
 .debug_line    0x00000000000050ca      0xb7c Drivers/STM32F0xx_HAL_Driver/Src/stm32f0xx_hal_rcc.o
 .debug_line    0x0000000000005c46      0xa85 Drivers/STM32F0xx_HAL_Driver/Src/stm32f0xx_hal_rcc_ex.o
 .debug_line    0x00000000000066cb      0xaf0 Middlewares/ST/STM32_USB_Device_Library/Core/Src/usbd_core.o
 .debug_line    0x00000000000071bb      0xa60 Middlewares/ST/STM32_USB_Device_Library/Core/Src/usbd_ctlreq.o
 .debug_line    0x0000000000007c1b      0x9ad Middlewares/ST/STM32_USB_Device_Library/Core/Src/usbd_ioreq.o
 .debug_line    0x00000000000085c8      0x9fd Middlewares/USBMIDI/Src/usbd_midi.o
 .debug_line    0x0000000000008fc5      0x9bb Src/eeprom.o
 .debug_line    0x0000000000009980      0xc7b Src/main.o
 .debug_line    0x000000000000a5fb      0x3b7 Src/queue32.o
 .debug_line    0x000000000000a9b2      0x865 Src/stm32f0xx_it.o
 .debug_line    0x000000000000b217      0x975 Src/usb_device.o
 .debug_line    0x000000000000bb8c      0xbc1 Src/usbd_conf.o
 .debug_line    0x000000000000c74d      0x987 Src/usbd_desc.o
 .debug_line    0x000000000000d0d4      0xa94 Src/usbd_midi_if.o

.debug_info     0x0000000000000000     0xbfed
 .debug_info    0x0000000000000000       0x95 Drivers/CMSIS/Device/ST/STM32F0xx/Source/Templates/gcc/startup_stm32f042x6.o
 .debug_info    0x0000000000000095      0x24b Drivers/CMSIS/Device/ST/STM32F0xx/Source/Templates/system_stm32f0xx.o
 .debug_info    0x00000000000002e0      0x5a7 Drivers/STM32F0xx_HAL_Driver/Src/stm32f0xx_hal.o
 .debug_info    0x0000000000000887      0x7a5 Drivers/STM32F0xx_HAL_Driver/Src/stm32f0xx_hal_cortex.o
 .debug_info    0x000000000000102c      0x5e5 Drivers/STM32F0xx_HAL_Driver/Src/stm32f0xx_hal_flash.o
 .debug_info    0x0000000000001611      0x991 Drivers/STM32F0xx_HAL_Driver/Src/stm32f0xx_hal_flash_ex.o
 .debug_info    0x0000000000001fa2      0x5ea Drivers/STM32F0xx_HAL_Driver/Src/stm32f0xx_hal_gpio.o
 .debug_info    0x000000000000258c     0x11bd Drivers/STM32F0xx_HAL_Driver/Src/stm32f0xx_hal_pcd.o
 .debug_info    0x0000000000003749      0x556 Drivers/STM32F0xx_HAL_Driver/Src/stm32f0xx_hal_pcd_ex.o
 .debug_info    0x0000000000003c9f      0x9d8 Drivers/STM32F0xx_HAL_Driver/Src/stm32f0xx_hal_rcc.o
 .debug_info    0x0000000000004677      0x652 Drivers/STM32F0xx_HAL_Driver/Src/stm32f0xx_hal_rcc_ex.o
 .debug_info    0x0000000000004cc9      0xbd4 Middlewares/ST/STM32_USB_Device_Library/Core/Src/usbd_core.o
 .debug_info    0x000000000000589d      0xbc5 Middlewares/ST/STM32_USB_Device_Library/Core/Src/usbd_ctlreq.o
 .debug_info    0x0000000000006462      0x73e Middlewares/ST/STM32_USB_Device_Library/Core/Src/usbd_ioreq.o
 .debug_info    0x0000000000006ba0      0xc50 Middlewares/USBMIDI/Src/usbd_midi.o
 .debug_info    0x00000000000077f0      0x83f Src/eeprom.o
 .debug_info    0x000000000000802f     0x12f3 Src/main.o
 .debug_info    0x0000000000009322      0x20a Src/queue32.o
 .debug_info    0x000000000000952c      0x555 Src/stm32f0xx_it.o
 .debug_info    0x0000000000009a81      0x591 Src/usb_device.o
 .debug_info    0x000000000000a012     0x150e Src/usbd_conf.o
 .debug_info    0x000000000000b520      0x4b8 Src/usbd_desc.o
 .debug_info    0x000000000000b9d8      0x615 Src/usbd_midi_if.o

.debug_abbrev   0x0000000000000000     0x2df6
 .debug_abbrev  0x0000000000000000       0x12 Drivers/CMSIS/Device/ST/STM32F0xx/Source/Templates/gcc/startup_stm32f042x6.o
 .debug_abbrev  0x0000000000000012       0xf3 Drivers/CMSIS/Device/ST/STM32F0xx/Source/Templates/system_stm32f0xx.o
 .debug_abbrev  0x0000000000000105      0x1de Drivers/STM32F0xx_HAL_Driver/Src/stm32f0xx_hal.o
 .debug_abbrev  0x00000000000002e3      0x276 Drivers/STM32F0xx_HAL_Driver/Src/stm32f0xx_hal_cortex.o
 .debug_abbrev  0x0000000000000559      0x297 Drivers/STM32F0xx_HAL_Driver/Src/stm32f0xx_hal_flash.o
 .debug_abbrev  0x00000000000007f0      0x277 Drivers/STM32F0xx_HAL_Driver/Src/stm32f0xx_hal_flash_ex.o
 .debug_abbrev  0x0000000000000a67      0x1e1 Drivers/STM32F0xx_HAL_Driver/Src/stm32f0xx_hal_gpio.o
 .debug_abbrev  0x0000000000000c48      0x316 Drivers/STM32F0xx_HAL_Driver/Src/stm32f0xx_hal_pcd.o
 .debug_abbrev  0x0000000000000f5e      0x134 Drivers/STM32F0xx_HAL_Driver/Src/stm32f0xx_hal_pcd_ex.o
 .debug_abbrev  0x0000000000001092      0x254 Drivers/STM32F0xx_HAL_Driver/Src/stm32f0xx_hal_rcc.o
 .debug_abbrev  0x00000000000012e6      0x1dd Drivers/STM32F0xx_HAL_Driver/Src/stm32f0xx_hal_rcc_ex.o
 .debug_abbrev  0x00000000000014c3      0x277 Middlewares/ST/STM32_USB_Device_Library/Core/Src/usbd_core.o
 .debug_abbrev  0x000000000000173a      0x28f Middlewares/ST/STM32_USB_Device_Library/Core/Src/usbd_ctlreq.o
 .debug_abbrev  0x00000000000019c9      0x140 Middlewares/ST/STM32_USB_Device_Library/Core/Src/usbd_ioreq.o
 .debug_abbrev  0x0000000000001b09      0x205 Middlewares/USBMIDI/Src/usbd_midi.o
 .debug_abbrev  0x0000000000001d0e      0x22f Src/eeprom.o
 .debug_abbrev  0x0000000000001f3d      0x3fc Src/main.o
 .debug_abbrev  0x0000000000002339      0x15f Src/queue32.o
 .debug_abbrev  0x0000000000002498      0x18e Src/stm32f0xx_it.o
 .debug_abbrev  0x0000000000002626      0x14f Src/usb_device.o
 .debug_abbrev  0x0000000000002775      0x296 Src/usbd_conf.o
 .debug_abbrev  0x0000000000002a0b      0x186 Src/usbd_desc.o
 .debug_abbrev  0x0000000000002b91      0x265 Src/usbd_midi_if.o

.debug_aranges  0x0000000000000000      0x958
 .debug_aranges
                0x0000000000000000       0x28 Drivers/CMSIS/Device/ST/STM32F0xx/Source/Templates/gcc/startup_stm32f042x6.o
 .debug_aranges
                0x0000000000000028       0x28 Drivers/CMSIS/Device/ST/STM32F0xx/Source/Templates/system_stm32f0xx.o
 .debug_aranges
                0x0000000000000050       0x98 Drivers/STM32F0xx_HAL_Driver/Src/stm32f0xx_hal.o
 .debug_aranges
                0x00000000000000e8       0x78 Drivers/STM32F0xx_HAL_Driver/Src/stm32f0xx_hal_cortex.o
 .debug_aranges
                0x0000000000000160       0x78 Drivers/STM32F0xx_HAL_Driver/Src/stm32f0xx_hal_flash.o
 .debug_aranges
                0x00000000000001d8       0x60 Drivers/STM32F0xx_HAL_Driver/Src/stm32f0xx_hal_flash_ex.o
 .debug_aranges
                0x0000000000000238       0x58 Drivers/STM32F0xx_HAL_Driver/Src/stm32f0xx_hal_gpio.o
 .debug_aranges
                0x0000000000000290       0xd0 Drivers/STM32F0xx_HAL_Driver/Src/stm32f0xx_hal_pcd.o
 .debug_aranges
                0x0000000000000360       0x20 Drivers/STM32F0xx_HAL_Driver/Src/stm32f0xx_hal_pcd_ex.o
 .debug_aranges
                0x0000000000000380       0x80 Drivers/STM32F0xx_HAL_Driver/Src/stm32f0xx_hal_rcc.o
 .debug_aranges
                0x0000000000000400       0x68 Drivers/STM32F0xx_HAL_Driver/Src/stm32f0xx_hal_rcc_ex.o
 .debug_aranges
                0x0000000000000468       0xa8 Middlewares/ST/STM32_USB_Device_Library/Core/Src/usbd_core.o
 .debug_aranges
                0x0000000000000510       0x48 Middlewares/ST/STM32_USB_Device_Library/Core/Src/usbd_ctlreq.o
 .debug_aranges
                0x0000000000000558       0x50 Middlewares/ST/STM32_USB_Device_Library/Core/Src/usbd_ioreq.o
 .debug_aranges
                0x00000000000005a8       0x50 Middlewares/USBMIDI/Src/usbd_midi.o
 .debug_aranges
                0x00000000000005f8       0x48 Src/eeprom.o
 .debug_aranges
                0x0000000000000640       0xb8 Src/main.o
 .debug_aranges
                0x00000000000006f8       0x38 Src/queue32.o
 .debug_aranges
                0x0000000000000730       0x38 Src/stm32f0xx_it.o
 .debug_aranges
                0x0000000000000768       0x20 Src/usb_device.o
 .debug_aranges
                0x0000000000000788      0x110 Src/usbd_conf.o
 .debug_aranges
                0x0000000000000898       0x50 Src/usbd_desc.o
 .debug_aranges
                0x00000000000008e8       0x70 Src/usbd_midi_if.o

.debug_ranges   0x0000000000000000      0xbb0
 .debug_ranges  0x0000000000000000       0x20 Drivers/CMSIS/Device/ST/STM32F0xx/Source/Templates/gcc/startup_stm32f042x6.o
 .debug_ranges  0x0000000000000020       0x18 Drivers/CMSIS/Device/ST/STM32F0xx/Source/Templates/system_stm32f0xx.o
 .debug_ranges  0x0000000000000038       0x88 Drivers/STM32F0xx_HAL_Driver/Src/stm32f0xx_hal.o
 .debug_ranges  0x00000000000000c0       0xe8 Drivers/STM32F0xx_HAL_Driver/Src/stm32f0xx_hal_cortex.o
 .debug_ranges  0x00000000000001a8       0xb0 Drivers/STM32F0xx_HAL_Driver/Src/stm32f0xx_hal_flash.o
 .debug_ranges  0x0000000000000258       0xb0 Drivers/STM32F0xx_HAL_Driver/Src/stm32f0xx_hal_flash_ex.o
 .debug_ranges  0x0000000000000308       0x78 Drivers/STM32F0xx_HAL_Driver/Src/stm32f0xx_hal_gpio.o
 .debug_ranges  0x0000000000000380      0x138 Drivers/STM32F0xx_HAL_Driver/Src/stm32f0xx_hal_pcd.o
 .debug_ranges  0x00000000000004b8       0x10 Drivers/STM32F0xx_HAL_Driver/Src/stm32f0xx_hal_pcd_ex.o
 .debug_ranges  0x00000000000004c8       0xb0 Drivers/STM32F0xx_HAL_Driver/Src/stm32f0xx_hal_rcc.o
 .debug_ranges  0x0000000000000578       0x58 Drivers/STM32F0xx_HAL_Driver/Src/stm32f0xx_hal_rcc_ex.o
 .debug_ranges  0x00000000000005d0       0x98 Middlewares/ST/STM32_USB_Device_Library/Core/Src/usbd_core.o
 .debug_ranges  0x0000000000000668       0x38 Middlewares/ST/STM32_USB_Device_Library/Core/Src/usbd_ctlreq.o
 .debug_ranges  0x00000000000006a0       0x40 Middlewares/ST/STM32_USB_Device_Library/Core/Src/usbd_ioreq.o
 .debug_ranges  0x00000000000006e0       0x40 Middlewares/USBMIDI/Src/usbd_midi.o
 .debug_ranges  0x0000000000000720       0xa8 Src/eeprom.o
 .debug_ranges  0x00000000000007c8      0x100 Src/main.o
 .debug_ranges  0x00000000000008c8       0x40 Src/queue32.o
 .debug_ranges  0x0000000000000908       0x28 Src/stm32f0xx_it.o
 .debug_ranges  0x0000000000000930       0x10 Src/usb_device.o
 .debug_ranges  0x0000000000000940      0x128 Src/usbd_conf.o
 .debug_ranges  0x0000000000000a68       0xa0 Src/usbd_desc.o
 .debug_ranges  0x0000000000000b08       0xa8 Src/usbd_midi_if.o

.debug_loc      0x0000000000000000     0x53a1
 .debug_loc     0x0000000000000000       0xe1 Drivers/CMSIS/Device/ST/STM32F0xx/Source/Templates/system_stm32f0xx.o
 .debug_loc     0x00000000000000e1       0x6a Drivers/STM32F0xx_HAL_Driver/Src/stm32f0xx_hal.o
 .debug_loc     0x000000000000014b      0x3da Drivers/STM32F0xx_HAL_Driver/Src/stm32f0xx_hal_cortex.o
 .debug_loc     0x0000000000000525      0x281 Drivers/STM32F0xx_HAL_Driver/Src/stm32f0xx_hal_flash.o
 .debug_loc     0x00000000000007a6      0x4d9 Drivers/STM32F0xx_HAL_Driver/Src/stm32f0xx_hal_flash_ex.o
 .debug_loc     0x0000000000000c7f      0x29a Drivers/STM32F0xx_HAL_Driver/Src/stm32f0xx_hal_gpio.o
 .debug_loc     0x0000000000000f19     0x110c Drivers/STM32F0xx_HAL_Driver/Src/stm32f0xx_hal_pcd.o
 .debug_loc     0x0000000000002025       0x9d Drivers/STM32F0xx_HAL_Driver/Src/stm32f0xx_hal_pcd_ex.o
 .debug_loc     0x00000000000020c2      0x48a Drivers/STM32F0xx_HAL_Driver/Src/stm32f0xx_hal_rcc.o
 .debug_loc     0x000000000000254c      0x4e2 Drivers/STM32F0xx_HAL_Driver/Src/stm32f0xx_hal_rcc_ex.o
 .debug_loc     0x0000000000002a2e      0x56d Middlewares/ST/STM32_USB_Device_Library/Core/Src/usbd_core.o
 .debug_loc     0x0000000000002f9b      0x5b3 Middlewares/ST/STM32_USB_Device_Library/Core/Src/usbd_ctlreq.o
 .debug_loc     0x000000000000354e      0x23c Middlewares/ST/STM32_USB_Device_Library/Core/Src/usbd_ioreq.o
 .debug_loc     0x000000000000378a      0x21f Middlewares/USBMIDI/Src/usbd_midi.o
 .debug_loc     0x00000000000039a9      0x76e Src/eeprom.o
 .debug_loc     0x0000000000004117      0x4cf Src/main.o
 .debug_loc     0x00000000000045e6      0x128 Src/queue32.o
 .debug_loc     0x000000000000470e      0x6e2 Src/usbd_conf.o
 .debug_loc     0x0000000000004df0      0x273 Src/usbd_desc.o
 .debug_loc     0x0000000000005063      0x33e Src/usbd_midi_if.o

.debug_macro    0x0000000000000000    0x1b809
 .debug_macro   0x0000000000000000      0x323 Drivers/CMSIS/Device/ST/STM32F0xx/Source/Templates/system_stm32f0xx.o
 .debug_macro   0x0000000000000323      0x844 Drivers/CMSIS/Device/ST/STM32F0xx/Source/Templates/system_stm32f0xx.o
 .debug_macro   0x0000000000000b67       0x2e Drivers/CMSIS/Device/ST/STM32F0xx/Source/Templates/system_stm32f0xx.o
 .debug_macro   0x0000000000000b95       0x22 Drivers/CMSIS/Device/ST/STM32F0xx/Source/Templates/system_stm32f0xx.o
 .debug_macro   0x0000000000000bb7       0x22 Drivers/CMSIS/Device/ST/STM32F0xx/Source/Templates/system_stm32f0xx.o
 .debug_macro   0x0000000000000bd9       0x87 Drivers/CMSIS/Device/ST/STM32F0xx/Source/Templates/system_stm32f0xx.o
 .debug_macro   0x0000000000000c60       0x44 Drivers/CMSIS/Device/ST/STM32F0xx/Source/Templates/system_stm32f0xx.o
 .debug_macro   0x0000000000000ca4       0xfd Drivers/CMSIS/Device/ST/STM32F0xx/Source/Templates/system_stm32f0xx.o
 .debug_macro   0x0000000000000da1       0x5e Drivers/CMSIS/Device/ST/STM32F0xx/Source/Templates/system_stm32f0xx.o
 .debug_macro   0x0000000000000dff      0x1df Drivers/CMSIS/Device/ST/STM32F0xx/Source/Templates/system_stm32f0xx.o
 .debug_macro   0x0000000000000fde       0x34 Drivers/CMSIS/Device/ST/STM32F0xx/Source/Templates/system_stm32f0xx.o
 .debug_macro   0x0000000000001012       0x26 Drivers/CMSIS/Device/ST/STM32F0xx/Source/Templates/system_stm32f0xx.o
 .debug_macro   0x0000000000001038      0x30d Drivers/CMSIS/Device/ST/STM32F0xx/Source/Templates/system_stm32f0xx.o
 .debug_macro   0x0000000000001345     0xf081 Drivers/CMSIS/Device/ST/STM32F0xx/Source/Templates/system_stm32f0xx.o
 .debug_macro   0x00000000000103c6       0x3c Drivers/CMSIS/Device/ST/STM32F0xx/Source/Templates/system_stm32f0xx.o
 .debug_macro   0x0000000000010402       0xaa Drivers/CMSIS/Device/ST/STM32F0xx/Source/Templates/system_stm32f0xx.o
 .debug_macro   0x00000000000104ac     0x3398 Drivers/CMSIS/Device/ST/STM32F0xx/Source/Templates/system_stm32f0xx.o
 .debug_macro   0x0000000000013844       0x52 Drivers/CMSIS/Device/ST/STM32F0xx/Source/Templates/system_stm32f0xx.o
 .debug_macro   0x0000000000013896       0x35 Drivers/CMSIS/Device/ST/STM32F0xx/Source/Templates/system_stm32f0xx.o
 .debug_macro   0x00000000000138cb       0x9c Drivers/CMSIS/Device/ST/STM32F0xx/Source/Templates/system_stm32f0xx.o
 .debug_macro   0x0000000000013967       0x16 Drivers/CMSIS/Device/ST/STM32F0xx/Source/Templates/system_stm32f0xx.o
 .debug_macro   0x000000000001397d       0x97 Drivers/CMSIS/Device/ST/STM32F0xx/Source/Templates/system_stm32f0xx.o
 .debug_macro   0x0000000000013a14      0x30d Drivers/CMSIS/Device/ST/STM32F0xx/Source/Templates/system_stm32f0xx.o
 .debug_macro   0x0000000000013d21       0xfd Drivers/CMSIS/Device/ST/STM32F0xx/Source/Templates/system_stm32f0xx.o
 .debug_macro   0x0000000000013e1e       0x10 Drivers/CMSIS/Device/ST/STM32F0xx/Source/Templates/system_stm32f0xx.o
 .debug_macro   0x0000000000013e2e       0x52 Drivers/CMSIS/Device/ST/STM32F0xx/Source/Templates/system_stm32f0xx.o
 .debug_macro   0x0000000000013e80       0x1f Drivers/CMSIS/Device/ST/STM32F0xx/Source/Templates/system_stm32f0xx.o
 .debug_macro   0x0000000000013e9f       0x43 Drivers/CMSIS/Device/ST/STM32F0xx/Source/Templates/system_stm32f0xx.o
 .debug_macro   0x0000000000013ee2       0x20 Drivers/CMSIS/Device/ST/STM32F0xx/Source/Templates/system_stm32f0xx.o
 .debug_macro   0x0000000000013f02      0x187 Drivers/CMSIS/Device/ST/STM32F0xx/Source/Templates/system_stm32f0xx.o
 .debug_macro   0x0000000000014089       0x10 Drivers/CMSIS/Device/ST/STM32F0xx/Source/Templates/system_stm32f0xx.o
 .debug_macro   0x0000000000014099       0x1c Drivers/CMSIS/Device/ST/STM32F0xx/Source/Templates/system_stm32f0xx.o
 .debug_macro   0x00000000000140b5       0x52 Drivers/CMSIS/Device/ST/STM32F0xx/Source/Templates/system_stm32f0xx.o
 .debug_macro   0x0000000000014107       0x40 Drivers/CMSIS/Device/ST/STM32F0xx/Source/Templates/system_stm32f0xx.o
 .debug_macro   0x0000000000014147       0x10 Drivers/CMSIS/Device/ST/STM32F0xx/Source/Templates/system_stm32f0xx.o
 .debug_macro   0x0000000000014157       0x40 Drivers/CMSIS/Device/ST/STM32F0xx/Source/Templates/system_stm32f0xx.o
 .debug_macro   0x0000000000014197       0xd7 Drivers/CMSIS/Device/ST/STM32F0xx/Source/Templates/system_stm32f0xx.o
 .debug_macro   0x000000000001426e       0x16 Drivers/CMSIS/Device/ST/STM32F0xx/Source/Templates/system_stm32f0xx.o
 .debug_macro   0x0000000000014284      0x18b Drivers/CMSIS/Device/ST/STM32F0xx/Source/Templates/system_stm32f0xx.o
 .debug_macro   0x000000000001440f       0x49 Drivers/CMSIS/Device/ST/STM32F0xx/Source/Templates/system_stm32f0xx.o
 .debug_macro   0x0000000000014458      0x953 Drivers/CMSIS/Device/ST/STM32F0xx/Source/Templates/system_stm32f0xx.o
 .debug_macro   0x0000000000014dab      0x46b Drivers/CMSIS/Device/ST/STM32F0xx/Source/Templates/system_stm32f0xx.o
 .debug_macro   0x0000000000015216      0x13a Drivers/CMSIS/Device/ST/STM32F0xx/Source/Templates/system_stm32f0xx.o
 .debug_macro   0x0000000000015350      0x130 Drivers/CMSIS/Device/ST/STM32F0xx/Source/Templates/system_stm32f0xx.o
 .debug_macro   0x0000000000015480      0x1e6 Drivers/CMSIS/Device/ST/STM32F0xx/Source/Templates/system_stm32f0xx.o
 .debug_macro   0x0000000000015666       0x34 Drivers/CMSIS/Device/ST/STM32F0xx/Source/Templates/system_stm32f0xx.o
 .debug_macro   0x000000000001569a       0x43 Drivers/CMSIS/Device/ST/STM32F0xx/Source/Templates/system_stm32f0xx.o
 .debug_macro   0x00000000000156dd       0x29 Drivers/CMSIS/Device/ST/STM32F0xx/Source/Templates/system_stm32f0xx.o
 .debug_macro   0x0000000000015706      0x344 Drivers/CMSIS/Device/ST/STM32F0xx/Source/Templates/system_stm32f0xx.o
 .debug_macro   0x0000000000015a4a       0xd0 Drivers/CMSIS/Device/ST/STM32F0xx/Source/Templates/system_stm32f0xx.o
 .debug_macro   0x0000000000015b1a       0xb6 Drivers/CMSIS/Device/ST/STM32F0xx/Source/Templates/system_stm32f0xx.o
 .debug_macro   0x0000000000015bd0      0x182 Drivers/CMSIS/Device/ST/STM32F0xx/Source/Templates/system_stm32f0xx.o
 .debug_macro   0x0000000000015d52      0x202 Drivers/CMSIS/Device/ST/STM32F0xx/Source/Templates/system_stm32f0xx.o
 .debug_macro   0x0000000000015f54       0x5b Drivers/CMSIS/Device/ST/STM32F0xx/Source/Templates/system_stm32f0xx.o
 .debug_macro   0x0000000000015faf       0x90 Drivers/CMSIS/Device/ST/STM32F0xx/Source/Templates/system_stm32f0xx.o
 .debug_macro   0x000000000001603f      0x265 Drivers/CMSIS/Device/ST/STM32F0xx/Source/Templates/system_stm32f0xx.o
 .debug_macro   0x00000000000162a4       0x4d Drivers/CMSIS/Device/ST/STM32F0xx/Source/Templates/system_stm32f0xx.o
 .debug_macro   0x00000000000162f1      0x161 Drivers/CMSIS/Device/ST/STM32F0xx/Source/Templates/system_stm32f0xx.o
 .debug_macro   0x0000000000016452      0x46a Drivers/CMSIS/Device/ST/STM32F0xx/Source/Templates/system_stm32f0xx.o
 .debug_macro   0x00000000000168bc       0xca Drivers/CMSIS/Device/ST/STM32F0xx/Source/Templates/system_stm32f0xx.o
 .debug_macro   0x0000000000016986      0x127 Drivers/CMSIS/Device/ST/STM32F0xx/Source/Templates/system_stm32f0xx.o
 .debug_macro   0x0000000000016aad      0x347 Drivers/STM32F0xx_HAL_Driver/Src/stm32f0xx_hal.o
 .debug_macro   0x0000000000016df4      0x323 Drivers/STM32F0xx_HAL_Driver/Src/stm32f0xx_hal_cortex.o
 .debug_macro   0x0000000000017117      0x323 Drivers/STM32F0xx_HAL_Driver/Src/stm32f0xx_hal_flash.o
 .debug_macro   0x000000000001743a      0x335 Drivers/STM32F0xx_HAL_Driver/Src/stm32f0xx_hal_flash_ex.o
 .debug_macro   0x000000000001776f      0x35c Drivers/STM32F0xx_HAL_Driver/Src/stm32f0xx_hal_gpio.o
 .debug_macro   0x0000000000017acb      0x329 Drivers/STM32F0xx_HAL_Driver/Src/stm32f0xx_hal_pcd.o
 .debug_macro   0x0000000000017df4      0x323 Drivers/STM32F0xx_HAL_Driver/Src/stm32f0xx_hal_pcd_ex.o
 .debug_macro   0x0000000000018117      0x335 Drivers/STM32F0xx_HAL_Driver/Src/stm32f0xx_hal_rcc.o
 .debug_macro   0x000000000001844c      0x335 Drivers/STM32F0xx_HAL_Driver/Src/stm32f0xx_hal_rcc_ex.o
 .debug_macro   0x0000000000018781      0x3c0 Middlewares/ST/STM32_USB_Device_Library/Core/Src/usbd_core.o
 .debug_macro   0x0000000000018b41       0x4c Middlewares/ST/STM32_USB_Device_Library/Core/Src/usbd_core.o
 .debug_macro   0x0000000000018b8d       0x8d Middlewares/ST/STM32_USB_Device_Library/Core/Src/usbd_core.o
 .debug_macro   0x0000000000018c1a       0x4a Middlewares/ST/STM32_USB_Device_Library/Core/Src/usbd_core.o
 .debug_macro   0x0000000000018c64       0x16 Middlewares/ST/STM32_USB_Device_Library/Core/Src/usbd_core.o
 .debug_macro   0x0000000000018c7a       0x35 Middlewares/ST/STM32_USB_Device_Library/Core/Src/usbd_core.o
 .debug_macro   0x0000000000018caf       0x16 Middlewares/ST/STM32_USB_Device_Library/Core/Src/usbd_core.o
 .debug_macro   0x0000000000018cc5       0x29 Middlewares/ST/STM32_USB_Device_Library/Core/Src/usbd_core.o
 .debug_macro   0x0000000000018cee       0x16 Middlewares/ST/STM32_USB_Device_Library/Core/Src/usbd_core.o
 .debug_macro   0x0000000000018d04      0x1c3 Middlewares/ST/STM32_USB_Device_Library/Core/Src/usbd_core.o
 .debug_macro   0x0000000000018ec7       0x6a Middlewares/ST/STM32_USB_Device_Library/Core/Src/usbd_core.o
 .debug_macro   0x0000000000018f31      0x3c0 Middlewares/ST/STM32_USB_Device_Library/Core/Src/usbd_ctlreq.o
 .debug_macro   0x00000000000192f1      0x3bc Middlewares/ST/STM32_USB_Device_Library/Core/Src/usbd_ioreq.o
 .debug_macro   0x00000000000196ad      0x3d9 Middlewares/USBMIDI/Src/usbd_midi.o
 .debug_macro   0x0000000000019a86       0x40 Middlewares/USBMIDI/Src/usbd_midi.o
 .debug_macro   0x0000000000019ac6      0x332 Src/eeprom.o
 .debug_macro   0x0000000000019df8      0x124 Src/eeprom.o
 .debug_macro   0x0000000000019f1c      0x405 Src/main.o
 .debug_macro   0x000000000001a321      0x12a Src/main.o
 .debug_macro   0x000000000001a44b       0x58 Src/main.o
 .debug_macro   0x000000000001a4a3       0x73 Src/queue32.o
 .debug_macro   0x000000000001a516      0x32d Src/stm32f0xx_it.o
 .debug_macro   0x000000000001a843      0x3fb Src/usb_device.o
 .debug_macro   0x000000000001ac3e      0x3d9 Src/usbd_conf.o
 .debug_macro   0x000000000001b017      0x3fa Src/usbd_desc.o
 .debug_macro   0x000000000001b411      0x3e8 Src/usbd_midi_if.o
 .debug_macro   0x000000000001b7f9       0x10 Src/usbd_midi_if.o

.debug_str      0x0000000000000000    0x8adb0
 .debug_str     0x0000000000000000    0x86c00 Drivers/CMSIS/Device/ST/STM32F0xx/Source/Templates/system_stm32f0xx.o
                                      0x86e90 (size before relaxing)
 .debug_str     0x0000000000086c00      0x454 Drivers/STM32F0xx_HAL_Driver/Src/stm32f0xx_hal.o
                                      0x87320 (size before relaxing)
 .debug_str     0x0000000000087054      0x1d2 Drivers/STM32F0xx_HAL_Driver/Src/stm32f0xx_hal_cortex.o
                                      0x871f6 (size before relaxing)
 .debug_str     0x0000000000087226      0x2aa Drivers/STM32F0xx_HAL_Driver/Src/stm32f0xx_hal_flash.o
                                      0x870f0 (size before relaxing)
 .debug_str     0x00000000000874d0      0x30e Drivers/STM32F0xx_HAL_Driver/Src/stm32f0xx_hal_flash_ex.o
                                      0x87289 (size before relaxing)
 .debug_str     0x00000000000877de      0x2d0 Drivers/STM32F0xx_HAL_Driver/Src/stm32f0xx_hal_gpio.o
                                      0x87112 (size before relaxing)
 .debug_str     0x0000000000087aae      0x509 Drivers/STM32F0xx_HAL_Driver/Src/stm32f0xx_hal_pcd.o
                                      0x873a5 (size before relaxing)
 .debug_str     0x0000000000087fb7       0x57 Drivers/STM32F0xx_HAL_Driver/Src/stm32f0xx_hal_pcd_ex.o
                                      0x87108 (size before relaxing)
 .debug_str     0x000000000008800e      0x336 Drivers/STM32F0xx_HAL_Driver/Src/stm32f0xx_hal_rcc.o
                                      0x87285 (size before relaxing)
 .debug_str     0x0000000000088344      0x34c Drivers/STM32F0xx_HAL_Driver/Src/stm32f0xx_hal_rcc_ex.o
                                      0x87214 (size before relaxing)
 .debug_str     0x0000000000088690     0x1017 Middlewares/ST/STM32_USB_Device_Library/Core/Src/usbd_core.o
                                      0x87e37 (size before relaxing)
 .debug_str     0x00000000000896a7      0x13f Middlewares/ST/STM32_USB_Device_Library/Core/Src/usbd_ctlreq.o
                                      0x87d69 (size before relaxing)
 .debug_str     0x00000000000897e6       0x8a Middlewares/ST/STM32_USB_Device_Library/Core/Src/usbd_ioreq.o
                                      0x87c96 (size before relaxing)
 .debug_str     0x0000000000089870      0x2f7 Middlewares/USBMIDI/Src/usbd_midi.o
                                      0x88185 (size before relaxing)
 .debug_str     0x0000000000089b67      0x93d Src/eeprom.o
                                      0x877a3 (size before relaxing)
 .debug_str     0x000000000008a4a4      0x3a0 Src/main.o
                                      0x88a58 (size before relaxing)
 .debug_str     0x000000000008a844       0x83 Src/queue32.o
                                       0x330f (size before relaxing)
 .debug_str     0x000000000008a8c7       0x74 Src/stm32f0xx_it.o
                                      0x87116 (size before relaxing)
 .debug_str     0x000000000008a93b       0x40 Src/usb_device.o
                                      0x87dbe (size before relaxing)
 .debug_str     0x000000000008a97b      0x191 Src/usbd_conf.o
                                      0x88721 (size before relaxing)
 .debug_str     0x000000000008ab0c      0x21a Src/usbd_desc.o
                                      0x87b14 (size before relaxing)
 .debug_str     0x000000000008ad26       0x8a Src/usbd_midi_if.o
                                      0x87b6f (size before relaxing)

.comment        0x0000000000000000       0x6e
 .comment       0x0000000000000000       0x6e Drivers/CMSIS/Device/ST/STM32F0xx/Source/Templates/system_stm32f0xx.o
                                         0x6f (size before relaxing)
 .comment       0x000000000000006e       0x6f Drivers/STM32F0xx_HAL_Driver/Src/stm32f0xx_hal.o
 .comment       0x000000000000006e       0x6f Drivers/STM32F0xx_HAL_Driver/Src/stm32f0xx_hal_cortex.o
 .comment       0x000000000000006e       0x6f Drivers/STM32F0xx_HAL_Driver/Src/stm32f0xx_hal_flash.o
 .comment       0x000000000000006e       0x6f Drivers/STM32F0xx_HAL_Driver/Src/stm32f0xx_hal_flash_ex.o
 .comment       0x000000000000006e       0x6f Drivers/STM32F0xx_HAL_Driver/Src/stm32f0xx_hal_gpio.o
 .comment       0x000000000000006e       0x6f Drivers/STM32F0xx_HAL_Driver/Src/stm32f0xx_hal_pcd.o
 .comment       0x000000000000006e       0x6f Drivers/STM32F0xx_HAL_Driver/Src/stm32f0xx_hal_pcd_ex.o
 .comment       0x000000000000006e       0x6f Drivers/STM32F0xx_HAL_Driver/Src/stm32f0xx_hal_rcc.o
 .comment       0x000000000000006e       0x6f Drivers/STM32F0xx_HAL_Driver/Src/stm32f0xx_hal_rcc_ex.o
 .comment       0x000000000000006e       0x6f Middlewares/ST/STM32_USB_Device_Library/Core/Src/usbd_core.o
 .comment       0x000000000000006e       0x6f Middlewares/ST/STM32_USB_Device_Library/Core/Src/usbd_ctlreq.o
 .comment       0x000000000000006e       0x6f Middlewares/ST/STM32_USB_Device_Library/Core/Src/usbd_ioreq.o
 .comment       0x000000000000006e       0x6f Middlewares/USBMIDI/Src/usbd_midi.o
 .comment       0x000000000000006e       0x6f Src/eeprom.o
 .comment       0x000000000000006e       0x6f Src/main.o
 .comment       0x000000000000006e       0x6f Src/queue32.o
 .comment       0x000000000000006e       0x6f Src/stm32f0xx_it.o
 .comment       0x000000000000006e       0x6f Src/usb_device.o
 .comment       0x000000000000006e       0x6f Src/usbd_conf.o
 .comment       0x000000000000006e       0x6f Src/usbd_desc.o
 .comment       0x000000000000006e       0x6f Src/usbd_midi_if.o

.debug_frame    0x0000000000000000     0x1770
 .debug_frame   0x0000000000000000       0x3c Drivers/CMSIS/Device/ST/STM32F0xx/Source/Templates/system_stm32f0xx.o
 .debug_frame   0x000000000000003c      0x144 Drivers/STM32F0xx_HAL_Driver/Src/stm32f0xx_hal.o
 .debug_frame   0x0000000000000180       0xe4 Drivers/STM32F0xx_HAL_Driver/Src/stm32f0xx_hal_cortex.o
 .debug_frame   0x0000000000000264      0x134 Drivers/STM32F0xx_HAL_Driver/Src/stm32f0xx_hal_flash.o
 .debug_frame   0x0000000000000398       0xec Drivers/STM32F0xx_HAL_Driver/Src/stm32f0xx_hal_flash_ex.o
 .debug_frame   0x0000000000000484       0xc0 Drivers/STM32F0xx_HAL_Driver/Src/stm32f0xx_hal_gpio.o
 .debug_frame   0x0000000000000544      0x2e4 Drivers/STM32F0xx_HAL_Driver/Src/stm32f0xx_hal_pcd.o
 .debug_frame   0x0000000000000828       0x2c Drivers/STM32F0xx_HAL_Driver/Src/stm32f0xx_hal_pcd_ex.o
 .debug_frame   0x0000000000000854      0x130 Drivers/STM32F0xx_HAL_Driver/Src/stm32f0xx_hal_rcc.o
 .debug_frame   0x0000000000000984      0x104 Drivers/STM32F0xx_HAL_Driver/Src/stm32f0xx_hal_rcc_ex.o
 .debug_frame   0x0000000000000a88      0x1c4 Middlewares/ST/STM32_USB_Device_Library/Core/Src/usbd_core.o
 .debug_frame   0x0000000000000c4c       0xb0 Middlewares/ST/STM32_USB_Device_Library/Core/Src/usbd_ctlreq.o
 .debug_frame   0x0000000000000cfc       0xb8 Middlewares/ST/STM32_USB_Device_Library/Core/Src/usbd_ioreq.o
 .debug_frame   0x0000000000000db4       0xa8 Middlewares/USBMIDI/Src/usbd_midi.o
 .debug_frame   0x0000000000000e5c       0xb4 Src/eeprom.o
 .debug_frame   0x0000000000000f10      0x22c Src/main.o
 .debug_frame   0x000000000000113c       0x64 Src/queue32.o
 .debug_frame   0x00000000000011a0       0x80 Src/stm32f0xx_it.o
 .debug_frame   0x0000000000001220       0x28 Src/usb_device.o
 .debug_frame   0x0000000000001248      0x2dc Src/usbd_conf.o
 .debug_frame   0x0000000000001524       0xa8 Src/usbd_desc.o
 .debug_frame   0x00000000000015cc      0x110 Src/usbd_midi_if.o
 .debug_frame   0x00000000000016dc       0x20 /Applications/SystemWorkbench.app/Contents/Eclipse/plugins/fr.ac6.mcu.externaltools.arm-none.macos64_1.13.1.201703061524/tools/compiler/bin/../lib/gcc/arm-none-eabi/5.4.1/armv6-m/libgcc.a(_udivsi3.o)
 .debug_frame   0x00000000000016fc       0x20 /Applications/SystemWorkbench.app/Contents/Eclipse/plugins/fr.ac6.mcu.externaltools.arm-none.macos64_1.13.1.201703061524/tools/compiler/bin/../lib/gcc/arm-none-eabi/5.4.1/armv6-m/libgcc.a(_divsi3.o)
 .debug_frame   0x000000000000171c       0x2c /Applications/SystemWorkbench.app/Contents/Eclipse/plugins/fr.ac6.mcu.externaltools.arm-none.macos64_1.13.1.201703061524/tools/compiler/bin/../lib/gcc/arm-none-eabi/5.4.1/../../../../arm-none-eabi/lib/armv6-m/libc_nano.a(lib_a-init.o)
 .debug_frame   0x0000000000001748       0x28 /Applications/SystemWorkbench.app/Contents/Eclipse/plugins/fr.ac6.mcu.externaltools.arm-none.macos64_1.13.1.201703061524/tools/compiler/bin/../lib/gcc/arm-none-eabi/5.4.1/../../../../arm-none-eabi/lib/armv6-m/libc_nano.a(lib_a-memcpy-stub.o)
